[{"stream_name":"stdout","time":12.526449323,"data":"Device: cuda\n"}
,{"stream_name":"stdout","time":12.526959707,"data":"Python: 3.12.13\n"}
,{"stream_name":"stdout","time":12.526974099,"data":"Torch:  2.10.0+cu128   CUDA available: True\n"}
,{"stream_name":"stdout","time":12.545009706,"data":"GPU(s): 1\n"}
,{"stream_name":"stderr","time":12.548437241,"data":"/usr/local/lib/python3.12/dist-packages/torch/cuda/__init__.py:435: UserWarning: \n"}
,{"stream_name":"stderr","time":12.548474423,"data":"    Found GPU0 Tesla P100-PCIE-16GB which is of cuda capability 6.0.\n"}
,{"stream_name":"stderr","time":12.548479879,"data":"    Minimum and Maximum cuda capability supported by this version of PyTorch is\n"}
,{"stream_name":"stderr","time":12.548484788,"data":"    (7.0) - (12.0)\n"}
,{"stream_name":"stderr","time":12.548489259,"data":"    \n"}
,{"stream_name":"stderr","time":12.548494038,"data":"  queued_call()\n"}
,{"stream_name":"stderr","time":12.548497783,"data":"/usr/local/lib/python3.12/dist-packages/torch/cuda/__init__.py:435: UserWarning: \n"}
,{"stream_name":"stderr","time":12.548501769,"data":"    Please install PyTorch with a following CUDA\n"}
,{"stream_name":"stderr","time":12.548505365,"data":"    configurations:  12.6 following instructions at\n"}
,{"stream_name":"stderr","time":12.548508985,"data":"    https://pytorch.org/get-started/locally/\n"}
,{"stream_name":"stderr","time":12.548512518999999,"data":"    \n"}
,{"stream_name":"stderr","time":12.548515939,"data":"  queued_call()\n"}
,{"stream_name":"stderr","time":12.54885659,"data":"/usr/local/lib/python3.12/dist-packages/torch/cuda/__init__.py:435: UserWarning: \n"}
,{"stream_name":"stderr","time":12.548864822,"data":"Tesla P100-PCIE-16GB with CUDA capability sm_60 is not compatible with the current PyTorch installation.\n"}
,{"stream_name":"stderr","time":12.548868922,"data":"The current PyTorch install supports CUDA capabilities sm_70 sm_75 sm_80 sm_86 sm_90 sm_100 sm_120.\n"}
,{"stream_name":"stderr","time":12.548872712,"data":"If you want to use the Tesla P100-PCIE-16GB GPU with PyTorch, please check the instructions at https://pytorch.org/get-started/locally/\n"}
,{"stream_name":"stderr","time":12.548876743,"data":"\n"}
,{"stream_name":"stderr","time":12.548880197,"data":"  queued_call()\n"}
,{"stream_name":"stdout","time":12.550577599,"data":"  [0] Tesla P100-PCIE-16GB  17.1 GB\n"}
,{"stream_name":"stdout","time":12.550594002,"data":"SimpleITK: 2.5.5\n"}
,{"stream_name":"stdout","time":12.556641498,"data":"Dataset root: /kaggle/input/datasets/akulabalakrishna143/picai-strict-201pos-220neg\n"}
,{"stream_name":"stdout","time":15.182654136,"data":"Label file extensions: 0 as .nii.gz (as packaged), 1263 as bare .nii (Kaggle-decompression fallback active if \u003e 0)\n"}
,{"stream_name":"stdout","time":15.188503345,"data":"Train cases: 337  Val cases: 84\n"}
,{"stream_name":"stderr","time":40.777189508,"data":"Traceback (most recent call last):\n"}
,{"stream_name":"stderr","time":40.777254817,"data":"  File \"/kaggle/src/script.py\", line 952, in \u003cmodule\u003e\n"}
,{"stream_name":"stderr","time":40.777742696,"data":"    main()\n"}
,{"stream_name":"stderr","time":40.777758862,"data":"  File \"/kaggle/src/script.py\", line 897, in main\n"}
,{"stream_name":"stderr","time":40.778071255,"data":"    logits = model(x)\n"}
,{"stream_name":"stderr","time":40.778093759,"data":"             ^^^^^^^^\n"}
,{"stream_name":"stderr","time":40.778153306,"data":"  File \"/usr/local/lib/python3.12/dist-packages/torch/nn/modules/module.py\", line 1776, in _wrapped_call_impl\n"}
,{"stream_name":"stderr","time":40.781060017,"data":"    return self._call_impl(*args, **kwargs)\n"}
,{"stream_name":"stderr","time":40.781243668,"data":"           ^^^^^^^^^^^^^^^^^^^^^^^^^^^^^^^^\n"}
,{"stream_name":"stderr","time":40.781327183,"data":"  File \"/usr/local/lib/python3.12/dist-packages/torch/nn/modules/module.py\", line 1787, in _call_impl\n"}
,{"stream_name":"stderr","time":40.782377673,"data":"    return forward_call(*args, **kwargs)\n"}
,{"stream_name":"stderr","time":40.782401489,"data":"           ^^^^^^^^^^^^^^^^^^^^^^^^^^^^^\n"}
,{"stream_name":"stderr","time":40.782404959,"data":"  File \"/kaggle/src/script.py\", line 522, in forward\n"}
,{"stream_name":"stderr","time":40.78285868,"data":"    e1 = self.enc1(x)\n"}
,{"stream_name":"stderr","time":40.782875541,"data":"         ^^^^^^^^^^^^\n"}
,{"stream_name":"stderr","time":40.782881118,"data":"  File \"/usr/local/lib/python3.12/dist-packages/torch/nn/modules/module.py\", line 1776, in _wrapped_call_impl\n"}
,{"stream_name":"stderr","time":40.783814595,"data":"    return self._call_impl(*args, **kwargs)\n"}
,{"stream_name":"stderr","time":40.783831622,"data":"           ^^^^^^^^^^^^^^^^^^^^^^^^^^^^^^^^\n"}
,{"stream_name":"stderr","time":40.783836279,"data":"  File \"/usr/local/lib/python3.12/dist-packages/torch/nn/modules/module.py\", line 1787, in _call_impl\n"}
,{"stream_name":"stderr","time":40.784627733,"data":"    return forward_call(*args, **kwargs)\n"}
,{"stream_name":"stderr","time":40.784732288,"data":"           ^^^^^^^^^^^^^^^^^^^^^^^^^^^^^\n"}
,{"stream_name":"stderr","time":40.784740275,"data":"  File \"/kaggle/src/script.py\", line 496, in forward\n"}
,{"stream_name":"stderr","time":40.785225347,"data":"    return checkpoint(self.net, x, use_reentrant=False)\n"}
,{"stream_name":"stderr","time":40.785235253,"data":"           ^^^^^^^^^^^^^^^^^^^^^^^^^^^^^^^^^^^^^^^^^^^^\n"}
,{"stream_name":"stderr","time":40.785250336,"data":"  File \"/usr/local/lib/python3.12/dist-packages/torch/_compile.py\", line 54, in inner\n"}
,{"stream_name":"stderr","time":40.785427647,"data":"    return disable_fn(*args, **kwargs)\n"}
,{"stream_name":"stderr","time":40.785523125,"data":"           ^^^^^^^^^^^^^^^^^^^^^^^^^^^\n"}
,{"stream_name":"stderr","time":40.785529177,"data":"  File \"/usr/local/lib/python3.12/dist-packages/torch/_dynamo/eval_frame.py\", line 1181, in _fn\n"}
,{"stream_name":"stderr","time":40.786141727,"data":"    return fn(*args, **kwargs)\n"}
,{"stream_name":"stderr","time":40.786179383,"data":"           ^^^^^^^^^^^^^^^^^^^\n"}
,{"stream_name":"stderr","time":40.78624794,"data":"  File \"/usr/local/lib/python3.12/dist-packages/torch/utils/checkpoint.py\", line 512, in checkpoint\n"}
,{"stream_name":"stderr","time":40.787907771,"data":"    ret = function(*args, **kwargs)\n"}
,{"stream_name":"stderr","time":40.787923176,"data":"          ^^^^^^^^^^^^^^^^^^^^^^^^^\n"}
,{"stream_name":"stderr","time":40.787927795,"data":"  File \"/usr/local/lib/python3.12/dist-packages/torch/nn/modules/module.py\", line 1776, in _wrapped_call_impl\n"}
,{"stream_name":"stderr","time":40.788877335,"data":"    return self._call_impl(*args, **kwargs)\n"}
,{"stream_name":"stderr","time":40.788891199,"data":"           ^^^^^^^^^^^^^^^^^^^^^^^^^^^^^^^^\n"}
,{"stream_name":"stderr","time":40.788895923,"data":"  File \"/usr/local/lib/python3.12/dist-packages/torch/nn/modules/module.py\", line 1787, in _call_impl\n"}
,{"stream_name":"stderr","time":40.789674487,"data":"    return forward_call(*args, **kwargs)\n"}
,{"stream_name":"stderr","time":40.789800769,"data":"           ^^^^^^^^^^^^^^^^^^^^^^^^^^^^^\n"}
,{"stream_name":"stderr","time":40.789807229,"data":"  File \"/usr/local/lib/python3.12/dist-packages/torch/nn/modules/container.py\", line 253, in forward\n"}
,{"stream_name":"stderr","time":40.790429325,"data":"    input = module(input)\n"}
,{"stream_name":"stderr","time":40.790462254,"data":"            ^^^^^^^^^^^^^\n"}
,{"stream_name":"stderr","time":40.790552476,"data":"  File \"/usr/local/lib/python3.12/dist-packages/torch/nn/modules/module.py\", line 1776, in _wrapped_call_impl\n"}
,{"stream_name":"stderr","time":40.791245739,"data":"    return self._call_impl(*args, **kwargs)\n"}
,{"stream_name":"stderr","time":40.791267156,"data":"           ^^^^^^^^^^^^^^^^^^^^^^^^^^^^^^^^\n"}
,{"stream_name":"stderr","time":40.791272464,"data":"  File \"/usr/local/lib/python3.12/dist-packages/torch/nn/modules/module.py\", line 1787, in _call_impl\n"}
,{"stream_name":"stderr","time":40.79170966,"data":"    return forward_call(*args, **kwargs)\n"}
,{"stream_name":"stderr","time":40.791794732,"data":"           ^^^^^^^^^^^^^^^^^^^^^^^^^^^^^\n"}
,{"stream_name":"stderr","time":40.791800922,"data":"  File \"/usr/local/lib/python3.12/dist-packages/torch/nn/modules/conv.py\", line 723, in forward\n"}
,{"stream_name":"stderr","time":40.793236056,"data":"    return self._conv_forward(input, self.weight, self.bias)\n"}
,{"stream_name":"stderr","time":40.79338561,"data":"           ^^^^^^^^^^^^^^^^^^^^^^^^^^^^^^^^^^^^^^^^^^^^^^^^^\n"}
,{"stream_name":"stderr","time":40.793392667,"data":"  File \"/usr/local/lib/python3.12/dist-packages/torch/nn/modules/conv.py\", line 718, in _conv_forward\n"}
,{"stream_name":"stderr","time":40.793720694,"data":"    return F.conv3d(\n"}
,{"stream_name":"stderr","time":40.793730152,"data":"           ^^^^^^^^^\n"}
,{"stream_name":"stderr","time":40.793751591,"data":"torch.AcceleratorError: CUDA error: no kernel image is available for execution on the device\n"}
,{"stream_name":"stderr","time":40.793756833,"data":"Search for `cudaErrorNoKernelImageForDevice' in https://docs.nvidia.com/cuda/cuda-runtime-api/group__CUDART__TYPES.html for more information.\n"}
,{"stream_name":"stderr","time":40.793762475,"data":"CUDA kernel errors might be asynchronously reported at some other API call, so the stacktrace below might be incorrect.\n"}
,{"stream_name":"stderr","time":40.79376798,"data":"For debugging consider passing CUDA_LAUNCH_BLOCKING=1\n"}
,{"stream_name":"stderr","time":40.793772625,"data":"Compile with `TORCH_USE_CUDA_DSA` to enable device-side assertions.\n"}
,{"stream_name":"stderr","time":40.793777437,"data":"\n"}
,{"stream_name":"stderr","time":45.377017341,"data":"/usr/local/lib/python3.12/dist-packages/mistune.py:435: SyntaxWarning: invalid escape sequence '\\|'\n"}
,{"stream_name":"stderr","time":45.377052133,"data":"  cells[i][c] = re.sub('\\\\\\\\\\|', '|', cell)\n"}
,{"stream_name":"stderr","time":45.637987662,"data":"/usr/local/lib/python3.12/dist-packages/nbconvert/filters/filter_links.py:36: SyntaxWarning: invalid escape sequence '\\_'\n"}
,{"stream_name":"stderr","time":45.638037333,"data":"  text = re.sub(r'_', '\\_', text) # Escape underscores in display text\n"}
,{"stream_name":"stderr","time":46.309656636,"data":"[NbConvertApp] Converting notebook __script__.ipynb to html\n"}
,{"stream_name":"stderr","time":47.762855179,"data":"[NbConvertApp] Writing 451968 bytes to __results__.html\n"}
]