[2026-09-11 10:41:08] status: akulabalakrishna143/picai-direction-a-rationale-synthesis-run-1 has status "KernelWorkerStatus.RUNNING"
[2026-09-11 10:42:09] status: akulabalakrishna143/picai-direction-a-rationale-synthesis-run-1 has status "KernelWorkerStatus.RUNNING"
[2026-09-11 10:43:10] status: akulabalakrishna143/picai-direction-a-rationale-synthesis-run-1 has status "KernelWorkerStatus.RUNNING"
[2026-09-11 10:44:11] status: akulabalakrishna143/picai-direction-a-rationale-synthesis-run-1 has status "KernelWorkerStatus.RUNNING"
[2026-09-11 10:45:12] status: akulabalakrishna143/picai-direction-a-rationale-synthesis-run-1 has status "KernelWorkerStatus.RUNNING"
[2026-09-11 10:46:13] status: akulabalakrishna143/picai-direction-a-rationale-synthesis-run-1 has status "KernelWorkerStatus.RUNNING"
[2026-09-11 10:47:14] status: akulabalakrishna143/picai-direction-a-rationale-synthesis-run-1 has status "KernelWorkerStatus.RUNNING"
[2026-09-11 10:48:15] status: akulabalakrishna143/picai-direction-a-rationale-synthesis-run-1 has status "KernelWorkerStatus.RUNNING"
[2026-09-11 10:49:17] status: akulabalakrishna143/picai-direction-a-rationale-synthesis-run-1 has status "KernelWorkerStatus.RUNNING"
[2026-09-11 10:50:18] status: akulabalakrishna143/picai-direction-a-rationale-synthesis-run-1 has status "KernelWorkerStatus.COMPLETE"
[2026-09-11 10:50:18] Terminal state reached: akulabalakrishna143/picai-direction-a-rationale-synthesis-run-1 has status "KernelWorkerStatus.COMPLETE"
[2026-09-11 10:53:38] output stdout: Output file downloaded to E:\Cancer_IITH\picai\kaggle_kernel\rationale_run1\output\exclusions.json
Output file downloaded to E:\Cancer_IITH\picai\kaggle_kernel\rationale_run1\output\rationales/10000_1000000.json
Output file downloaded to E:\Cancer_IITH\picai\kaggle_kernel\rationale_run1\output\rationales/10001_1000001.json
Output file downloaded to E:\Cancer_IITH\picai\kaggle_kernel\rationale_run1\output\rationales/10002_1000002.json
Output file downloaded to E:\Cancer_IITH\picai\kaggle_kernel\rationale_run1\output\rationales/10003_1000003.json
Output file downloaded to E:\Cancer_IITH\picai\kaggle_kernel\rationale_run1\output\rationales/10004_1000004.json
Output file downloaded to E:\Cancer_IITH\picai\kaggle_kernel\rationale_run1\output\rationales/10005_1000005.json
Output file downloaded to E:\Cancer_IITH\picai\kaggle_kernel\rationale_run1\output\rationales/10006_1000006.json
Output file downloaded to E:\Cancer_IITH\picai\kaggle_kernel\rationale_run1\output\rationales/10007_1000007.json
Output file downloaded to E:\Cancer_IITH\picai\kaggle_kernel\rationale_run1\output\rationales/10009_1000009.json
Output file downloaded to E:\Cancer_IITH\picai\kaggle_kernel\rationale_run1\output\rationales/10010_1000010.json
Output file downloaded to E:\Cancer_IITH\picai\kaggle_kernel\rationale_run1\output\rationales/10011_1000011.json
Output file downloaded to E:\Cancer_IITH\picai\kaggle_kernel\rationale_run1\output\rationales/10012_1000012.json
Output file downloaded to E:\Cancer_IITH\picai\kaggle_kernel\rationale_run1\output\rationales/10014_1000014.json
Output file downloaded to E:\Cancer_IITH\picai\kaggle_kernel\rationale_run1\output\rationales/10015_1000015.json
Output file downloaded to E:\Cancer_IITH\picai\kaggle_kernel\rationale_run1\output\rationales/10016_1000016.json
Output file downloaded to E:\Cancer_IITH\picai\kaggle_kernel\rationale_run1\output\rationales/10017_1000017.json
Output file downloaded to E:\Cancer_IITH\picai\kaggle_kernel\rationale_run1\output\rationales/10018_1000018.json
Output file downloaded to E:\Cancer_IITH\picai\kaggle_kernel\rationale_run1\output\rationales/10019_1000019.json
Output file downloaded to E:\Cancer_IITH\picai\kaggle_kernel\rationale_run1\output\rationales/10020_1000020.json
Output file downloaded to E:\Cancer_IITH\picai\kaggle_kernel\rationale_run1\output\rationales/10021_1000021.json
Output file downloaded to E:\Cancer_IITH\picai\kaggle_kernel\rationale_run1\output\rationales/10022_1000022.json
Output file downloaded to E:\Cancer_IITH\picai\kaggle_kernel\rationale_run1\output\rationales/10023_1000023.json
Output file downloaded to E:\Cancer_IITH\picai\kaggle_kernel\rationale_run1\output\rationales/10024_1000024.json
Output file downloaded to E:\Cancer_IITH\picai\kaggle_kernel\rationale_run1\output\rationales/10025_1000025.json
Output file downloaded to E:\Cancer_IITH\picai\kaggle_kernel\rationale_run1\output\rationales/10026_1000026.json
Output file downloaded to E:\Cancer_IITH\picai\kaggle_kernel\rationale_run1\output\rationales/10027_1000027.json
Output file downloaded to E:\Cancer_IITH\picai\kaggle_kernel\rationale_run1\output\rationales/10028_1000028.json
Output file downloaded to E:\Cancer_IITH\picai\kaggle_kernel\rationale_run1\output\rationales/10030_1000030.json
Output file downloaded to E:\Cancer_IITH\picai\kaggle_kernel\rationale_run1\output\rationales/10031_1000031.json
Output file downloaded to E:\Cancer_IITH\picai\kaggle_kernel\rationale_run1\output\rationales/10032_1000032.json
Output file downloaded to E:\Cancer_IITH\picai\kaggle_kernel\rationale_run1\output\rationales/10033_1000033.json
Output file downloaded to E:\Cancer_IITH\picai\kaggle_kernel\rationale_run1\output\rationales/10034_1000034.json
Output file downloaded to E:\Cancer_IITH\picai\kaggle_kernel\rationale_run1\output\rationales/10035_1000035.json
Output file downloaded to E:\Cancer_IITH\picai\kaggle_kernel\rationale_run1\output\rationales/10037_1000037.json
Output file downloaded to E:\Cancer_IITH\picai\kaggle_kernel\rationale_run1\output\rationales/10038_1000038.json
Output file downloaded to E:\Cancer_IITH\picai\kaggle_kernel\rationale_run1\output\rationales/10039_1000039.json
Output file downloaded to E:\Cancer_IITH\picai\kaggle_kernel\rationale_run1\output\rationales/10040_1000040.json
Output file downloaded to E:\Cancer_IITH\picai\kaggle_kernel\rationale_run1\output\rationales/10041_1000041.json
Output file downloaded to E:\Cancer_IITH\picai\kaggle_kernel\rationale_run1\output\rationales/10042_1000042.json
Output file downloaded to E:\Cancer_IITH\picai\kaggle_kernel\rationale_run1\output\rationales/10043_1000043.json
Output file downloaded to E:\Cancer_IITH\picai\kaggle_kernel\rationale_run1\output\rationales/10045_1000045.json
Output file downloaded to E:\Cancer_IITH\picai\kaggle_kernel\rationale_run1\output\rationales/10046_1000046.json
Output file downloaded to E:\Cancer_IITH\picai\kaggle_kernel\rationale_run1\output\rationales/10047_1000047.json
Output file downloaded to E:\Cancer_IITH\picai\kaggle_kernel\rationale_run1\output\rationales/10048_1000048.json
Output file downloaded to E:\Cancer_IITH\picai\kaggle_kernel\rationale_run1\output\rationales/10049_1000049.json
Output file downloaded to E:\Cancer_IITH\picai\kaggle_kernel\rationale_run1\output\rationales/10051_1000051.json
Output file downloaded to E:\Cancer_IITH\picai\kaggle_kernel\rationale_run1\output\rationales/10052_1000052.json
Output file downloaded to E:\Cancer_IITH\picai\kaggle_kernel\rationale_run1\output\rationales/10054_1000054.json
Output file downloaded to E:\Cancer_IITH\picai\kaggle_kernel\rationale_run1\output\rationales/10055_1000055.json
Output file downloaded to E:\Cancer_IITH\picai\kaggle_kernel\rationale_run1\output\rationales/10056_1000056.json
Output file downloaded to E:\Cancer_IITH\picai\kaggle_kernel\rationale_run1\output\rationales/10057_1000057.json
Output file downloaded to E:\Cancer_IITH\picai\kaggle_kernel\rationale_run1\output\rationales/10058_1000058.json
Output file downloaded to E:\Cancer_IITH\picai\kaggle_kernel\rationale_run1\output\rationales/10059_1000059.json
Output file downloaded to E:\Cancer_IITH\picai\kaggle_kernel\rationale_run1\output\rationales/10060_1000060.json
Output file downloaded to E:\Cancer_IITH\picai\kaggle_kernel\rationale_run1\output\rationales/10061_1000061.json
Output file downloaded to E:\Cancer_IITH\picai\kaggle_kernel\rationale_run1\output\rationales/10062_1000062.json
Output file downloaded to E:\Cancer_IITH\picai\kaggle_kernel\rationale_run1\output\rationales/10063_1000063.json
Output file downloaded to E:\Cancer_IITH\picai\kaggle_kernel\rationale_run1\output\rationales/10064_1000064.json
Output file downloaded to E:\Cancer_IITH\picai\kaggle_kernel\rationale_run1\output\rationales/10065_1000065.json
Output file downloaded to E:\Cancer_IITH\picai\kaggle_kernel\rationale_run1\output\rationales/10066_1000066.json
Output file downloaded to E:\Cancer_IITH\picai\kaggle_kernel\rationale_run1\output\rationales/10067_1000067.json
Output file downloaded to E:\Cancer_IITH\picai\kaggle_kernel\rationale_run1\output\rationales/10068_1000068.json
Output file downloaded to E:\Cancer_IITH\picai\kaggle_kernel\rationale_run1\output\rationales/10069_1000069.json
Output file downloaded to E:\Cancer_IITH\picai\kaggle_kernel\rationale_run1\output\rationales/10070_1000070.json
Output file downloaded to E:\Cancer_IITH\picai\kaggle_kernel\rationale_run1\output\rationales/10071_1000071.json
Output file downloaded to E:\Cancer_IITH\picai\kaggle_kernel\rationale_run1\output\rationales/10072_1000072.json
Output file downloaded to E:\Cancer_IITH\picai\kaggle_kernel\rationale_run1\output\rationales/10073_1000073.json
Output file downloaded to E:\Cancer_IITH\picai\kaggle_kernel\rationale_run1\output\rationales/10074_1000074.json
Output file downloaded to E:\Cancer_IITH\picai\kaggle_kernel\rationale_run1\output\rationales/10075_1000075.json
Output file downloaded to E:\Cancer_IITH\picai\kaggle_kernel\rationale_run1\output\rationales/10076_1000076.json
Output file downloaded to E:\Cancer_IITH\picai\kaggle_kernel\rationale_run1\output\rationales/10077_1000077.json
Output file downloaded to E:\Cancer_IITH\picai\kaggle_kernel\rationale_run1\output\rationales/10079_1000079.json
Output file downloaded to E:\Cancer_IITH\picai\kaggle_kernel\rationale_run1\output\rationales/10080_1000080.json
Output file downloaded to E:\Cancer_IITH\picai\kaggle_kernel\rationale_run1\output\rationales/10081_1000081.json
Output file downloaded to E:\Cancer_IITH\picai\kaggle_kernel\rationale_run1\output\rationales/10082_1000082.json
Output file downloaded to E:\Cancer_IITH\picai\kaggle_kernel\rationale_run1\output\rationales/10083_1000083.json
Output file downloaded to E:\Cancer_IITH\picai\kaggle_kernel\rationale_run1\output\rationales/10084_1000084.json
Output file downloaded to E:\Cancer_IITH\picai\kaggle_kernel\rationale_run1\output\rationales/10085_1000085.json
Output file downloaded to E:\Cancer_IITH\picai\kaggle_kernel\rationale_run1\output\rationales/10086_1000086.json
Output file downloaded to E:\Cancer_IITH\picai\kaggle_kernel\rationale_run1\output\rationales/10087_1000087.json
Output file downloaded to E:\Cancer_IITH\picai\kaggle_kernel\rationale_run1\output\rationales/10088_1000088.json
Output file downloaded to E:\Cancer_IITH\picai\kaggle_kernel\rationale_run1\output\rationales/10089_1000089.json
Output file downloaded to E:\Cancer_IITH\picai\kaggle_kernel\rationale_run1\output\rationales/10090_1000090.json
Output file downloaded to E:\Cancer_IITH\picai\kaggle_kernel\rationale_run1\output\rationales/10091_1000091.json
Output file downloaded to E:\Cancer_IITH\picai\kaggle_kernel\rationale_run1\output\rationales/10092_1000092.json
Output file downloaded to E:\Cancer_IITH\picai\kaggle_kernel\rationale_run1\output\rationales/10093_1000093.json
Output file downloaded to E:\Cancer_IITH\picai\kaggle_kernel\rationale_run1\output\rationales/10095_1000095.json
Output file downloaded to E:\Cancer_IITH\picai\kaggle_kernel\rationale_run1\output\rationales/10096_1000096.json
Output file downloaded to E:\Cancer_IITH\picai\kaggle_kernel\rationale_run1\output\rationales/10097_1000097.json
Output file downloaded to E:\Cancer_IITH\picai\kaggle_kernel\rationale_run1\output\rationales/10098_1000098.json
Output file downloaded to E:\Cancer_IITH\picai\kaggle_kernel\rationale_run1\output\rationales/10099_1000099.json
Output file downloaded to E:\Cancer_IITH\picai\kaggle_kernel\rationale_run1\output\rationales/10101_1000101.json
Output file downloaded to E:\Cancer_IITH\picai\kaggle_kernel\rationale_run1\output\rationales/10102_1000102.json
Output file downloaded to E:\Cancer_IITH\picai\kaggle_kernel\rationale_run1\output\rationales/10103_1000103.json
Output file downloaded to E:\Cancer_IITH\picai\kaggle_kernel\rationale_run1\output\rationales/10105_1000105.json
Output file downloaded to E:\Cancer_IITH\picai\kaggle_kernel\rationale_run1\output\rationales/10107_1000107.json
Output file downloaded to E:\Cancer_IITH\picai\kaggle_kernel\rationale_run1\output\rationales/10108_1000108.json
Output file downloaded to E:\Cancer_IITH\picai\kaggle_kernel\rationale_run1\output\rationales/10109_1000109.json
Output file downloaded to E:\Cancer_IITH\picai\kaggle_kernel\rationale_run1\output\rationales/10111_1000111.json
Output file downloaded to E:\Cancer_IITH\picai\kaggle_kernel\rationale_run1\output\rationales/10113_1000113.json
Output file downloaded to E:\Cancer_IITH\picai\kaggle_kernel\rationale_run1\output\rationales/10114_1000114.json
Output file downloaded to E:\Cancer_IITH\picai\kaggle_kernel\rationale_run1\output\rationales/10115_1000115.json
Output file downloaded to E:\Cancer_IITH\picai\kaggle_kernel\rationale_run1\output\rationales/10116_1000116.json
Output file downloaded to E:\Cancer_IITH\picai\kaggle_kernel\rationale_run1\output\rationales/10117_1000117.json
Output file downloaded to E:\Cancer_IITH\picai\kaggle_kernel\rationale_run1\output\rationales/10118_1000118.json
Output file downloaded to E:\Cancer_IITH\picai\kaggle_kernel\rationale_run1\output\rationales/10119_1000119.json
Output file downloaded to E:\Cancer_IITH\picai\kaggle_kernel\rationale_run1\output\rationales/10120_1000120.json
Output file downloaded to E:\Cancer_IITH\picai\kaggle_kernel\rationale_run1\output\rationales/10121_1000121.json
Output file downloaded to E:\Cancer_IITH\picai\kaggle_kernel\rationale_run1\output\rationales/10122_1000122.json
Output file downloaded to E:\Cancer_IITH\picai\kaggle_kernel\rationale_run1\output\rationales/10123_1000123.json
Output file downloaded to E:\Cancer_IITH\picai\kaggle_kernel\rationale_run1\output\rationales/10124_1000124.json
Output file downloaded to E:\Cancer_IITH\picai\kaggle_kernel\rationale_run1\output\rationales/10125_1000125.json
Output file downloaded to E:\Cancer_IITH\picai\kaggle_kernel\rationale_run1\output\rationales/10126_1000126.json
Output file downloaded to E:\Cancer_IITH\picai\kaggle_kernel\rationale_run1\output\rationales/10127_1000127.json
Output file downloaded to E:\Cancer_IITH\picai\kaggle_kernel\rationale_run1\output\rationales/10128_1000128.json
Output file downloaded to E:\Cancer_IITH\picai\kaggle_kernel\rationale_run1\output\rationales/10129_1000129.json
Output file downloaded to E:\Cancer_IITH\picai\kaggle_kernel\rationale_run1\output\rationales/10129_1000130.json
Output file downloaded to E:\Cancer_IITH\picai\kaggle_kernel\rationale_run1\output\rationales/10130_1000131.json
Output file downloaded to E:\Cancer_IITH\picai\kaggle_kernel\rationale_run1\output\rationales/10131_1000132.json
Output file downloaded to E:\Cancer_IITH\picai\kaggle_kernel\rationale_run1\output\rationales/10131_1000133.json
Output file downloaded to E:\Cancer_IITH\picai\kaggle_kernel\rationale_run1\output\rationales/10133_1000135.json
Output file downloaded to E:\Cancer_IITH\picai\kaggle_kernel\rationale_run1\output\rationales/10134_1000136.json
Output file downloaded to E:\Cancer_IITH\picai\kaggle_kernel\rationale_run1\output\rationales/10136_1000138.json
Output file downloaded to E:\Cancer_IITH\picai\kaggle_kernel\rationale_run1\output\rationales/10137_1000139.json
Output file downloaded to E:\Cancer_IITH\picai\kaggle_kernel\rationale_run1\output\rationales/10138_1000140.json
Output file downloaded to E:\Cancer_IITH\picai\kaggle_kernel\rationale_run1\output\rationales/10139_1000141.json
Output file downloaded to E:\Cancer_IITH\picai\kaggle_kernel\rationale_run1\output\rationales/10141_1000143.json
Output file downloaded to E:\Cancer_IITH\picai\kaggle_kernel\rationale_run1\output\rationales/10142_1000144.json
Output file downloaded to E:\Cancer_IITH\picai\kaggle_kernel\rationale_run1\output\rationales/10143_1000145.json
Output file downloaded to E:\Cancer_IITH\picai\kaggle_kernel\rationale_run1\output\rationales/10144_1000146.json
Output file downloaded to E:\Cancer_IITH\picai\kaggle_kernel\rationale_run1\output\rationales/10145_1000147.json
Output file downloaded to E:\Cancer_IITH\picai\kaggle_kernel\rationale_run1\output\rationales/10146_1000148.json
Output file downloaded to E:\Cancer_IITH\picai\kaggle_kernel\rationale_run1\output\rationales/10147_1000149.json
Output file downloaded to E:\Cancer_IITH\picai\kaggle_kernel\rationale_run1\output\rationales/10149_1000151.json
Output file downloaded to E:\Cancer_IITH\picai\kaggle_kernel\rationale_run1\output\rationales/10150_1000152.json
Output file downloaded to E:\Cancer_IITH\picai\kaggle_kernel\rationale_run1\output\rationales/10151_1000153.json
Output file downloaded to E:\Cancer_IITH\picai\kaggle_kernel\rationale_run1\output\rationales/10152_1000154.json
Output file downloaded to E:\Cancer_IITH\picai\kaggle_kernel\rationale_run1\output\rationales/10153_1000155.json
Output file downloaded to E:\Cancer_IITH\picai\kaggle_kernel\rationale_run1\output\rationales/10153_1000156.json
Output file downloaded to E:\Cancer_IITH\picai\kaggle_kernel\rationale_run1\output\rationales/10154_1000157.json
Output file downloaded to E:\Cancer_IITH\picai\kaggle_kernel\rationale_run1\output\rationales/10155_1000158.json
Output file downloaded to E:\Cancer_IITH\picai\kaggle_kernel\rationale_run1\output\rationales/10156_1000159.json
Output file downloaded to E:\Cancer_IITH\picai\kaggle_kernel\rationale_run1\output\rationales/10157_1000160.json
Output file downloaded to E:\Cancer_IITH\picai\kaggle_kernel\rationale_run1\output\rationales/10158_1000161.json
Output file downloaded to E:\Cancer_IITH\picai\kaggle_kernel\rationale_run1\output\rationales/10159_1000162.json
Output file downloaded to E:\Cancer_IITH\picai\kaggle_kernel\rationale_run1\output\rationales/10160_1000163.json
Output file downloaded to E:\Cancer_IITH\picai\kaggle_kernel\rationale_run1\output\rationales/10161_1000164.json
Output file downloaded to E:\Cancer_IITH\picai\kaggle_kernel\rationale_run1\output\rationales/10162_1000165.json
Output file downloaded to E:\Cancer_IITH\picai\kaggle_kernel\rationale_run1\output\rationales/10163_1000166.json
Output file downloaded to E:\Cancer_IITH\picai\kaggle_kernel\rationale_run1\output\rationales/10164_1000167.json
Output file downloaded to E:\Cancer_IITH\picai\kaggle_kernel\rationale_run1\output\rationales/10165_1000168.json
Output file downloaded to E:\Cancer_IITH\picai\kaggle_kernel\rationale_run1\output\rationales/10166_1000169.json
Output file downloaded to E:\Cancer_IITH\picai\kaggle_kernel\rationale_run1\output\rationales/10167_1000170.json
Output file downloaded to E:\Cancer_IITH\picai\kaggle_kernel\rationale_run1\output\rationales/10169_1000172.json
Output file downloaded to E:\Cancer_IITH\picai\kaggle_kernel\rationale_run1\output\rationales/10172_1000175.json
Output file downloaded to E:\Cancer_IITH\picai\kaggle_kernel\rationale_run1\output\rationales/10173_1000176.json
Output file downloaded to E:\Cancer_IITH\picai\kaggle_kernel\rationale_run1\output\rationales/10174_1000177.json
Output file downloaded to E:\Cancer_IITH\picai\kaggle_kernel\rationale_run1\output\rationales/10175_1000178.json
Output file downloaded to E:\Cancer_IITH\picai\kaggle_kernel\rationale_run1\output\rationales/10176_1000179.json
Output file downloaded to E:\Cancer_IITH\picai\kaggle_kernel\rationale_run1\output\rationales/10177_1000180.json
Output file downloaded to E:\Cancer_IITH\picai\kaggle_kernel\rationale_run1\output\rationales/10178_1000181.json
Output file downloaded to E:\Cancer_IITH\picai\kaggle_kernel\rationale_run1\output\rationales/10179_1000182.json
Output file downloaded to E:\Cancer_IITH\picai\kaggle_kernel\rationale_run1\output\rationales/10184_1000187.json
Output file downloaded to E:\Cancer_IITH\picai\kaggle_kernel\rationale_run1\output\rationales/10187_1000190.json
Output file downloaded to E:\Cancer_IITH\picai\kaggle_kernel\rationale_run1\output\rationales/10188_1000191.json
Output file downloaded to E:\Cancer_IITH\picai\kaggle_kernel\rationale_run1\output\rationales/10191_1000194.json
Output file downloaded to E:\Cancer_IITH\picai\kaggle_kernel\rationale_run1\output\rationales/10194_1000198.json
Output file downloaded to E:\Cancer_IITH\picai\kaggle_kernel\rationale_run1\output\rationales/10195_1000199.json
Output file downloaded to E:\Cancer_IITH\picai\kaggle_kernel\rationale_run1\output\rationales/10197_1000201.json
Output file downloaded to E:\Cancer_IITH\picai\kaggle_kernel\rationale_run1\output\rationales/10199_1000203.json
Output file downloaded to E:\Cancer_IITH\picai\kaggle_kernel\rationale_run1\output\rationales/10200_1000204.json
Output file downloaded to E:\Cancer_IITH\picai\kaggle_kernel\rationale_run1\output\rationales/10201_1000205.json
Output file downloaded to E:\Cancer_IITH\picai\kaggle_kernel\rationale_run1\output\rationales/10208_1000212.json
Output file downloaded to E:\Cancer_IITH\picai\kaggle_kernel\rationale_run1\output\rationales/10210_1000214.json
Output file downloaded to E:\Cancer_IITH\picai\kaggle_kernel\rationale_run1\output\rationales/10211_1000215.json
Output file downloaded to E:\Cancer_IITH\picai\kaggle_kernel\rationale_run1\output\rationales/10213_1000217.json
Output file downloaded to E:\Cancer_IITH\picai\kaggle_kernel\rationale_run1\output\rationales/10215_1000219.json
Output file downloaded to E:\Cancer_IITH\picai\kaggle_kernel\rationale_run1\output\rationales/10216_1000220.json
Output file downloaded to E:\Cancer_IITH\picai\kaggle_kernel\rationale_run1\output\rationales/10217_1000221.json
Output file downloaded to E:\Cancer_IITH\picai\kaggle_kernel\rationale_run1\output\rationales/10218_1000222.json
Output file downloaded to E:\Cancer_IITH\picai\kaggle_kernel\rationale_run1\output\rationales/10219_1000223.json
Output file downloaded to E:\Cancer_IITH\picai\kaggle_kernel\rationale_run1\output\rationales/10220_1000224.json
Output file downloaded to E:\Cancer_IITH\picai\kaggle_kernel\rationale_run1\output\rationales/10221_1000225.json
Output file downloaded to E:\Cancer_IITH\picai\kaggle_kernel\rationale_run1\output\rationales/10222_1000226.json
Output file downloaded to E:\Cancer_IITH\picai\kaggle_kernel\rationale_run1\output\rationales/10223_1000227.json
Output file downloaded to E:\Cancer_IITH\picai\kaggle_kernel\rationale_run1\output\rationales/10227_1000231.json
Output file downloaded to E:\Cancer_IITH\picai\kaggle_kernel\rationale_run1\output\rationales/10230_1000234.json
Output file downloaded to E:\Cancer_IITH\picai\kaggle_kernel\rationale_run1\output\rationales/10233_1000237.json
Output file downloaded to E:\Cancer_IITH\picai\kaggle_kernel\rationale_run1\output\rationales/10234_1000238.json
Output file downloaded to E:\Cancer_IITH\picai\kaggle_kernel\rationale_run1\output\rationales/10238_1000242.json
Output file downloaded to E:\Cancer_IITH\picai\kaggle_kernel\rationale_run1\output\rationales/10241_1000245.json
Output file downloaded to E:\Cancer_IITH\picai\kaggle_kernel\rationale_run1\output\rationales/10242_1000246.json
Output file downloaded to E:\Cancer_IITH\picai\kaggle_kernel\rationale_run1\output\rationales/10243_1000247.json
Output file downloaded to E:\Cancer_IITH\picai\kaggle_kernel\rationale_run1\output\rationales/10244_1000248.json
Output file downloaded to E:\Cancer_IITH\picai\kaggle_kernel\rationale_run1\output\rationales/10245_1000249.json
Output file downloaded to E:\Cancer_IITH\picai\kaggle_kernel\rationale_run1\output\rationales/10248_1000252.json
Output file downloaded to E:\Cancer_IITH\picai\kaggle_kernel\rationale_run1\output\rationales/10252_1000256.json
Output file downloaded to E:\Cancer_IITH\picai\kaggle_kernel\rationale_run1\output\rationales/10253_1000257.json
Output file downloaded to E:\Cancer_IITH\picai\kaggle_kernel\rationale_run1\output\rationales/10254_1000258.json
Output file downloaded to E:\Cancer_IITH\picai\kaggle_kernel\rationale_run1\output\rationales/10257_1000261.json
Output file downloaded to E:\Cancer_IITH\picai\kaggle_kernel\rationale_run1\output\rationales/10259_1000263.json
Output file downloaded to E:\Cancer_IITH\picai\kaggle_kernel\rationale_run1\output\rationales/10262_1000266.json
Output file downloaded to E:\Cancer_IITH\picai\kaggle_kernel\rationale_run1\output\rationales/10263_1000267.json
Output file downloaded to E:\Cancer_IITH\picai\kaggle_kernel\rationale_run1\output\rationales/10265_1000269.json
Output file downloaded to E:\Cancer_IITH\picai\kaggle_kernel\rationale_run1\output\rationales/10266_1000270.json
Output file downloaded to E:\Cancer_IITH\picai\kaggle_kernel\rationale_run1\output\rationales/10267_1000271.json
Output file downloaded to E:\Cancer_IITH\picai\kaggle_kernel\rationale_run1\output\rationales/10268_1000272.json
Output file downloaded to E:\Cancer_IITH\picai\kaggle_kernel\rationale_run1\output\rationales/10270_1000274.json
Output file downloaded to E:\Cancer_IITH\picai\kaggle_kernel\rationale_run1\output\rationales/10274_1000279.json
Output file downloaded to E:\Cancer_IITH\picai\kaggle_kernel\rationale_run1\output\rationales/10275_1000280.json
Output file downloaded to E:\Cancer_IITH\picai\kaggle_kernel\rationale_run1\output\rationales/10276_1000281.json
Output file downloaded to E:\Cancer_IITH\picai\kaggle_kernel\rationale_run1\output\rationales/10277_1000282.json
Output file downloaded to E:\Cancer_IITH\picai\kaggle_kernel\rationale_run1\output\rationales/10278_1000283.json
Output file downloaded to E:\Cancer_IITH\picai\kaggle_kernel\rationale_run1\output\rationales/10281_1000286.json
Output file downloaded to E:\Cancer_IITH\picai\kaggle_kernel\rationale_run1\output\rationales/10281_1000287.json
Output file downloaded to E:\Cancer_IITH\picai\kaggle_kernel\rationale_run1\output\rationales/10285_1000291.json
Output file downloaded to E:\Cancer_IITH\picai\kaggle_kernel\rationale_run1\output\rationales/10286_1000292.json
Output file downloaded to E:\Cancer_IITH\picai\kaggle_kernel\rationale_run1\output\rationales/10289_1000295.json
Output file downloaded to E:\Cancer_IITH\picai\kaggle_kernel\rationale_run1\output\rationales/10295_1000301.json
Output file downloaded to E:\Cancer_IITH\picai\kaggle_kernel\rationale_run1\output\rationales/10296_1000302.json
Output file downloaded to E:\Cancer_IITH\picai\kaggle_kernel\rationale_run1\output\rationales/10299_1000305.json
Output file downloaded to E:\Cancer_IITH\picai\kaggle_kernel\rationale_run1\output\rationales/10301_1000307.json
Output file downloaded to E:\Cancer_IITH\picai\kaggle_kernel\rationale_run1\output\rationales/10302_1000308.json
Output file downloaded to E:\Cancer_IITH\picai\kaggle_kernel\rationale_run1\output\rationales/10304_1000310.json
Output file downloaded to E:\Cancer_IITH\picai\kaggle_kernel\rationale_run1\output\rationales/10305_1000311.json
Output file downloaded to E:\Cancer_IITH\picai\kaggle_kernel\rationale_run1\output\rationales/10307_1000313.json
Output file downloaded to E:\Cancer_IITH\picai\kaggle_kernel\rationale_run1\output\rationales/10308_1000314.json
Output file downloaded to E:\Cancer_IITH\picai\kaggle_kernel\rationale_run1\output\rationales/10313_1000319.json
Output file downloaded to E:\Cancer_IITH\picai\kaggle_kernel\rationale_run1\output\rationales/10315_1000321.json
Output file downloaded to E:\Cancer_IITH\picai\kaggle_kernel\rationale_run1\output\rationales/10317_1000323.json
Output file downloaded to E:\Cancer_IITH\picai\kaggle_kernel\rationale_run1\output\rationales/10319_1000325.json
Output file downloaded to E:\Cancer_IITH\picai\kaggle_kernel\rationale_run1\output\rationales/10320_1000326.json
Output file downloaded to E:\Cancer_IITH\picai\kaggle_kernel\rationale_run1\output\rationales/10321_1000327.json
Output file downloaded to E:\Cancer_IITH\picai\kaggle_kernel\rationale_run1\output\rationales/10322_1000328.json
Output file downloaded to E:\Cancer_IITH\picai\kaggle_kernel\rationale_run1\output\rationales/10328_1000334.json
Output file downloaded to E:\Cancer_IITH\picai\kaggle_kernel\rationale_run1\output\rationales/10329_1000335.json
Output file downloaded to E:\Cancer_IITH\picai\kaggle_kernel\rationale_run1\output\rationales/10330_1000336.json
Output file downloaded to E:\Cancer_IITH\picai\kaggle_kernel\rationale_run1\output\rationales/10331_1000337.json
Output file downloaded to E:\Cancer_IITH\picai\kaggle_kernel\rationale_run1\output\rationales/10336_1000342.json
Output file downloaded to E:\Cancer_IITH\picai\kaggle_kernel\rationale_run1\output\rationales/10338_1000344.json
Output file downloaded to E:\Cancer_IITH\picai\kaggle_kernel\rationale_run1\output\rationales/10339_1000345.json
Output file downloaded to E:\Cancer_IITH\picai\kaggle_kernel\rationale_run1\output\rationales/10340_1000346.json
Output file downloaded to E:\Cancer_IITH\picai\kaggle_kernel\rationale_run1\output\rationales/10341_1000347.json
Output file downloaded to E:\Cancer_IITH\picai\kaggle_kernel\rationale_run1\output\rationales/10342_1000348.json
Output file downloaded to E:\Cancer_IITH\picai\kaggle_kernel\rationale_run1\output\rationales/10344_1000350.json
Output file downloaded to E:\Cancer_IITH\picai\kaggle_kernel\rationale_run1\output\rationales/10349_1000355.json
Output file downloaded to E:\Cancer_IITH\picai\kaggle_kernel\rationale_run1\output\rationales/10350_1000356.json
Output file downloaded to E:\Cancer_IITH\picai\kaggle_kernel\rationale_run1\output\rationales/10353_1000359.json
Output file downloaded to E:\Cancer_IITH\picai\kaggle_kernel\rationale_run1\output\rationales/10356_1000362.json
Output file downloaded to E:\Cancer_IITH\picai\kaggle_kernel\rationale_run1\output\rationales/10362_1000368.json
Output file downloaded to E:\Cancer_IITH\picai\kaggle_kernel\rationale_run1\output\rationales/10363_1000369.json
Output file downloaded to E:\Cancer_IITH\picai\kaggle_kernel\rationale_run1\output\rationales/10368_1000374.json
Output file downloaded to E:\Cancer_IITH\picai\kaggle_kernel\rationale_run1\output\rationales/10370_1000376.json
Output file downloaded to E:\Cancer_IITH\picai\kaggle_kernel\rationale_run1\output\rationales/10372_1000378.json
Output file downloaded to E:\Cancer_IITH\picai\kaggle_kernel\rationale_run1\output\rationales/10373_1000379.json
Output file downloaded to E:\Cancer_IITH\picai\kaggle_kernel\rationale_run1\output\rationales/10374_1000380.json
Output file downloaded to E:\Cancer_IITH\picai\kaggle_kernel\rationale_run1\output\rationales/10380_1000386.json
Output file downloaded to E:\Cancer_IITH\picai\kaggle_kernel\rationale_run1\output\rationales/10381_1000387.json
Output file downloaded to E:\Cancer_IITH\picai\kaggle_kernel\rationale_run1\output\rationales/10383_1000389.json
Output file downloaded to E:\Cancer_IITH\picai\kaggle_kernel\rationale_run1\output\rationales/10385_1000391.json
Output file downloaded to E:\Cancer_IITH\picai\kaggle_kernel\rationale_run1\output\rationales/10387_1000393.json
Output file downloaded to E:\Cancer_IITH\picai\kaggle_kernel\rationale_run1\output\rationales/10389_1000395.json
Output file downloaded to E:\Cancer_IITH\picai\kaggle_kernel\rationale_run1\output\rationales/10390_1000396.json
Output file downloaded to E:\Cancer_IITH\picai\kaggle_kernel\rationale_run1\output\rationales/10392_1000398.json
Output file downloaded to E:\Cancer_IITH\picai\kaggle_kernel\rationale_run1\output\rationales/10398_1000404.json
Output file downloaded to E:\Cancer_IITH\picai\kaggle_kernel\rationale_run1\output\rationales/10405_1000412.json
Output file downloaded to E:\Cancer_IITH\picai\kaggle_kernel\rationale_run1\output\rationales/10417_1000424.json
Output file downloaded to E:\Cancer_IITH\picai\kaggle_kernel\rationale_run1\output\rationales/10417_1000425.json
Output file downloaded to E:\Cancer_IITH\picai\kaggle_kernel\rationale_run1\output\rationales/10418_1000426.json
Output file downloaded to E:\Cancer_IITH\picai\kaggle_kernel\rationale_run1\output\rationales/10424_1000432.json
Output file downloaded to E:\Cancer_IITH\picai\kaggle_kernel\rationale_run1\output\rationales/10425_1000433.json
Output file downloaded to E:\Cancer_IITH\picai\kaggle_kernel\rationale_run1\output\rationales/10434_1000442.json
Output file downloaded to E:\Cancer_IITH\picai\kaggle_kernel\rationale_run1\output\rationales/10442_1000450.json
Output file downloaded to E:\Cancer_IITH\picai\kaggle_kernel\rationale_run1\output\rationales/10451_1000459.json
Output file downloaded to E:\Cancer_IITH\picai\kaggle_kernel\rationale_run1\output\rationales/10463_1000471.json
Output file downloaded to E:\Cancer_IITH\picai\kaggle_kernel\rationale_run1\output\rationales/10473_1000481.json
Output file downloaded to E:\Cancer_IITH\picai\kaggle_kernel\rationale_run1\output\rationales/10484_1000492.json
Output file downloaded to E:\Cancer_IITH\picai\kaggle_kernel\rationale_run1\output\rationales/10486_1000494.json
Output file downloaded to E:\Cancer_IITH\picai\kaggle_kernel\rationale_run1\output\rationales/10490_1000499.json
Output file downloaded to E:\Cancer_IITH\picai\kaggle_kernel\rationale_run1\output\rationales/10503_1000512.json
Output file downloaded to E:\Cancer_IITH\picai\kaggle_kernel\rationale_run1\output\rationales/10522_1000532.json
Output file downloaded to E:\Cancer_IITH\picai\kaggle_kernel\rationale_run1\output\rationales/10523_1000533.json
Output file downloaded to E:\Cancer_IITH\picai\kaggle_kernel\rationale_run1\output\rationales/10526_1000536.json
Output file downloaded to E:\Cancer_IITH\picai\kaggle_kernel\rationale_run1\output\rationales/10529_1000539.json
Output file downloaded to E:\Cancer_IITH\picai\kaggle_kernel\rationale_run1\output\rationales/10539_1000549.json
Output file downloaded to E:\Cancer_IITH\picai\kaggle_kernel\rationale_run1\output\rationales/10540_1000551.json
Output file downloaded to E:\Cancer_IITH\picai\kaggle_kernel\rationale_run1\output\rationales/10548_1000560.json
Output file downloaded to E:\Cancer_IITH\picai\kaggle_kernel\rationale_run1\output\rationales/10558_1000570.json
Output file downloaded to E:\Cancer_IITH\picai\kaggle_kernel\rationale_run1\output\rationales/10568_1000580.json
Output file downloaded to E:\Cancer_IITH\picai\kaggle_kernel\rationale_run1\output\rationales/10570_1000582.json
Output file downloaded to E:\Cancer_IITH\picai\kaggle_kernel\rationale_run1\output\rationales/10589_1000603.json
Output file downloaded to E:\Cancer_IITH\picai\kaggle_kernel\rationale_run1\output\rationales/10604_1000618.json
Output file downloaded to E:\Cancer_IITH\picai\kaggle_kernel\rationale_run1\output\rationales/10607_1000621.json
Output file downloaded to E:\Cancer_IITH\picai\kaggle_kernel\rationale_run1\output\rationales/10620_1000634.json
Output file downloaded to E:\Cancer_IITH\picai\kaggle_kernel\rationale_run1\output\rationales/10634_1000650.json
Output file downloaded to E:\Cancer_IITH\picai\kaggle_kernel\rationale_run1\output\rationales/10635_1000651.json
Output file downloaded to E:\Cancer_IITH\picai\kaggle_kernel\rationale_run1\output\rationales/10637_1000653.json
Output file downloaded to E:\Cancer_IITH\picai\kaggle_kernel\rationale_run1\output\rationales/10641_1000657.json
Output file downloaded to E:\Cancer_IITH\picai\kaggle_kernel\rationale_run1\output\rationales/10665_1000681.json
Output file downloaded to E:\Cancer_IITH\picai\kaggle_kernel\rationale_run1\output\rationales/10668_1000684.json
Output file downloaded to E:\Cancer_IITH\picai\kaggle_kernel\rationale_run1\output\rationales/10670_1000686.json
Output file downloaded to E:\Cancer_IITH\picai\kaggle_kernel\rationale_run1\output\rationales/10688_1000704.json
Output file downloaded to E:\Cancer_IITH\picai\kaggle_kernel\rationale_run1\output\rationales/10699_1000715.json
Output file downloaded to E:\Cancer_IITH\picai\kaggle_kernel\rationale_run1\output\rationales/10700_1000716.json
Output file downloaded to E:\Cancer_IITH\picai\kaggle_kernel\rationale_run1\output\rationales/10707_1000723.json
Output file downloaded to E:\Cancer_IITH\picai\kaggle_kernel\rationale_run1\output\rationales/10721_1000737.json
Output file downloaded to E:\Cancer_IITH\picai\kaggle_kernel\rationale_run1\output\rationales/10726_1000742.json
Output file downloaded to E:\Cancer_IITH\picai\kaggle_kernel\rationale_run1\output\rationales/10728_1000744.json
Output file downloaded to E:\Cancer_IITH\picai\kaggle_kernel\rationale_run1\output\rationales/10730_1000746.json
Output file downloaded to E:\Cancer_IITH\picai\kaggle_kernel\rationale_run1\output\rationales/10743_1000759.json
Output file downloaded to E:\Cancer_IITH\picai\kaggle_kernel\rationale_run1\output\rationales/10777_1000793.json
Output file downloaded to E:\Cancer_IITH\picai\kaggle_kernel\rationale_run1\output\rationales/10798_1000814.json
Output file downloaded to E:\Cancer_IITH\picai\kaggle_kernel\rationale_run1\output\rationales/10804_1000820.json
Output file downloaded to E:\Cancer_IITH\picai\kaggle_kernel\rationale_run1\output\rationales/10807_1000823.json
Output file downloaded to E:\Cancer_IITH\picai\kaggle_kernel\rationale_run1\output\rationales/10808_1000824.json
Output file downloaded to E:\Cancer_IITH\picai\kaggle_kernel\rationale_run1\output\rationales/10825_1000841.json
Output file downloaded to E:\Cancer_IITH\picai\kaggle_kernel\rationale_run1\output\rationales/10833_1000849.json
Output file downloaded to E:\Cancer_IITH\picai\kaggle_kernel\rationale_run1\output\rationales/10834_1000850.json
Output file downloaded to E:\Cancer_IITH\picai\kaggle_kernel\rationale_run1\output\rationales/10836_1000852.json
Output file downloaded to E:\Cancer_IITH\picai\kaggle_kernel\rationale_run1\output\rationales/10839_1000855.json
Output file downloaded to E:\Cancer_IITH\picai\kaggle_kernel\rationale_run1\output\rationales/10842_1000858.json
Output file downloaded to E:\Cancer_IITH\picai\kaggle_kernel\rationale_run1\output\rationales/10867_1000883.json
Output file downloaded to E:\Cancer_IITH\picai\kaggle_kernel\rationale_run1\output\rationales/10868_1000884.json
Output file downloaded to E:\Cancer_IITH\picai\kaggle_kernel\rationale_run1\output\rationales/10872_1000888.json
Output file downloaded to E:\Cancer_IITH\picai\kaggle_kernel\rationale_run1\output\rationales/10880_1000896.json
Output file downloaded to E:\Cancer_IITH\picai\kaggle_kernel\rationale_run1\output\rationales/10885_1000901.json
Output file downloaded to E:\Cancer_IITH\picai\kaggle_kernel\rationale_run1\output\rationales/10888_1000904.json
Output file downloaded to E:\Cancer_IITH\picai\kaggle_kernel\rationale_run1\output\rationales/10901_1000917.json
Output file downloaded to E:\Cancer_IITH\picai\kaggle_kernel\rationale_run1\output\rationales/10910_1000927.json
Output file downloaded to E:\Cancer_IITH\picai\kaggle_kernel\rationale_run1\output\rationales/10911_1000928.json
Output file downloaded to E:\Cancer_IITH\picai\kaggle_kernel\rationale_run1\output\rationales/10915_1000932.json
Output file downloaded to E:\Cancer_IITH\picai\kaggle_kernel\rationale_run1\output\rationales/10920_1000937.json
Output file downloaded to E:\Cancer_IITH\picai\kaggle_kernel\rationale_run1\output\rationales/10921_1000938.json
Output file downloaded to E:\Cancer_IITH\picai\kaggle_kernel\rationale_run1\output\rationales/10925_1000942.json
Output file downloaded to E:\Cancer_IITH\picai\kaggle_kernel\rationale_run1\output\rationales/10932_1000949.json
Output file downloaded to E:\Cancer_IITH\picai\kaggle_kernel\rationale_run1\output\rationales/10938_1000957.json
Output file downloaded to E:\Cancer_IITH\picai\kaggle_kernel\rationale_run1\output\rationales/10942_1000961.json
Output file downloaded to E:\Cancer_IITH\picai\kaggle_kernel\rationale_run1\output\rationales/10948_1000967.json
Output file downloaded to E:\Cancer_IITH\picai\kaggle_kernel\rationale_run1\output\rationales/10953_1000972.json
Output file downloaded to E:\Cancer_IITH\picai\kaggle_kernel\rationale_run1\output\rationales/10957_1000976.json
Output file downloaded to E:\Cancer_IITH\picai\kaggle_kernel\rationale_run1\output\rationales/10961_1000980.json
Output file downloaded to E:\Cancer_IITH\picai\kaggle_kernel\rationale_run1\output\rationales/10964_1000983.json
Output file downloaded to E:\Cancer_IITH\picai\kaggle_kernel\rationale_run1\output\rationales/10968_1000987.json
Output file downloaded to E:\Cancer_IITH\picai\kaggle_kernel\rationale_run1\output\rationales/10970_1000989.json
Output file downloaded to E:\Cancer_IITH\picai\kaggle_kernel\rationale_run1\output\rationales/10975_1000994.json
Output file downloaded to E:\Cancer_IITH\picai\kaggle_kernel\rationale_run1\output\rationales/10985_1001004.json
Output file downloaded to E:\Cancer_IITH\picai\kaggle_kernel\rationale_run1\output\rationales/11002_1001021.json
Output file downloaded to E:\Cancer_IITH\picai\kaggle_kernel\rationale_run1\output\rationales/11032_1001052.json
Output file downloaded to E:\Cancer_IITH\picai\kaggle_kernel\rationale_run1\output\rationales/11039_1001059.json
Output file downloaded to E:\Cancer_IITH\picai\kaggle_kernel\rationale_run1\output\rationales/11041_1001061.json
Output file downloaded to E:\Cancer_IITH\picai\kaggle_kernel\rationale_run1\output\rationales/11049_1001069.json
Output file downloaded to E:\Cancer_IITH\picai\kaggle_kernel\rationale_run1\output\rationales/11063_1001085.json
Output file downloaded to E:\Cancer_IITH\picai\kaggle_kernel\rationale_run1\output\rationales/11068_1001090.json
Output file downloaded to E:\Cancer_IITH\picai\kaggle_kernel\rationale_run1\output\rationales/11074_1001096.json
Output file downloaded to E:\Cancer_IITH\picai\kaggle_kernel\rationale_run1\output\rationales/11076_1001098.json
Output file downloaded to E:\Cancer_IITH\picai\kaggle_kernel\rationale_run1\output\rationales/11080_1001102.json
Output file downloaded to E:\Cancer_IITH\picai\kaggle_kernel\rationale_run1\output\rationales/11086_1001108.json
Output file downloaded to E:\Cancer_IITH\picai\kaggle_kernel\rationale_run1\output\rationales/11100_1001123.json
Output file downloaded to E:\Cancer_IITH\picai\kaggle_kernel\rationale_run1\output\rationales/11102_1001125.json
Output file downloaded to E:\Cancer_IITH\picai\kaggle_kernel\rationale_run1\output\rationales/11114_1001137.json
Output file downloaded to E:\Cancer_IITH\picai\kaggle_kernel\rationale_run1\output\rationales/11122_1001145.json
Output file downloaded to E:\Cancer_IITH\picai\kaggle_kernel\rationale_run1\output\rationales/11130_1001153.json
Output file downloaded to E:\Cancer_IITH\picai\kaggle_kernel\rationale_run1\output\rationales/11137_1001160.json
Output file downloaded to E:\Cancer_IITH\picai\kaggle_kernel\rationale_run1\output\rationales/11149_1001172.json
Output file downloaded to E:\Cancer_IITH\picai\kaggle_kernel\rationale_run1\output\rationales/11152_1001175.json
Output file downloaded to E:\Cancer_IITH\picai\kaggle_kernel\rationale_run1\output\rationales/11154_1001177.json
Output file downloaded to E:\Cancer_IITH\picai\kaggle_kernel\rationale_run1\output\rationales/11155_1001178.json
Output file downloaded to E:\Cancer_IITH\picai\kaggle_kernel\rationale_run1\output\rationales/11162_1001185.json
Output file downloaded to E:\Cancer_IITH\picai\kaggle_kernel\rationale_run1\output\rationales/11163_1001186.json
Output file downloaded to E:\Cancer_IITH\picai\kaggle_kernel\rationale_run1\output\rationales/11165_1001188.json
Output file downloaded to E:\Cancer_IITH\picai\kaggle_kernel\rationale_run1\output\rationales/11168_1001191.json
Output file downloaded to E:\Cancer_IITH\picai\kaggle_kernel\rationale_run1\output\rationales/11174_1001197.json
Output file downloaded to E:\Cancer_IITH\picai\kaggle_kernel\rationale_run1\output\rationales/11177_1001200.json
Output file downloaded to E:\Cancer_IITH\picai\kaggle_kernel\rationale_run1\output\rationales/11181_1001204.json
Output file downloaded to E:\Cancer_IITH\picai\kaggle_kernel\rationale_run1\output\rationales/11185_1001208.json
Output file downloaded to E:\Cancer_IITH\picai\kaggle_kernel\rationale_run1\output\rationales/11186_1001209.json
Output file downloaded to E:\Cancer_IITH\picai\kaggle_kernel\rationale_run1\output\rationales/11188_1001211.json
Output file downloaded to E:\Cancer_IITH\picai\kaggle_kernel\rationale_run1\output\rationales/11190_1001213.json
Output file downloaded to E:\Cancer_IITH\picai\kaggle_kernel\rationale_run1\output\rationales/11194_1001217.json
Output file downloaded to E:\Cancer_IITH\picai\kaggle_kernel\rationale_run1\output\rationales/11198_1001221.json
Output file downloaded to E:\Cancer_IITH\picai\kaggle_kernel\rationale_run1\output\rationales/11208_1001231.json
Output file downloaded to E:\Cancer_IITH\picai\kaggle_kernel\rationale_run1\output\rationales/11225_1001248.json
Output file downloaded to E:\Cancer_IITH\picai\kaggle_kernel\rationale_run1\output\rationales/11231_1001254.json
Output file downloaded to E:\Cancer_IITH\picai\kaggle_kernel\rationale_run1\output\rationales/11236_1001259.json
Output file downloaded to E:\Cancer_IITH\picai\kaggle_kernel\rationale_run1\output\rationales/11247_1001270.json
Output file downloaded to E:\Cancer_IITH\picai\kaggle_kernel\rationale_run1\output\rationales/11253_1001276.json
Output file downloaded to E:\Cancer_IITH\picai\kaggle_kernel\rationale_run1\output\rationales/11256_1001279.json
Output file downloaded to E:\Cancer_IITH\picai\kaggle_kernel\rationale_run1\output\rationales/11257_1001280.json
Output file downloaded to E:\Cancer_IITH\picai\kaggle_kernel\rationale_run1\output\rationales/11260_1001283.json
Output file downloaded to E:\Cancer_IITH\picai\kaggle_kernel\rationale_run1\output\rationales/11269_1001292.json
Output file downloaded to E:\Cancer_IITH\picai\kaggle_kernel\rationale_run1\output\rationales/11278_1001301.json
Output file downloaded to E:\Cancer_IITH\picai\kaggle_kernel\rationale_run1\output\rationales/11280_1001303.json
Output file downloaded to E:\Cancer_IITH\picai\kaggle_kernel\rationale_run1\output\rationales/11284_1001307.json
Output file downloaded to E:\Cancer_IITH\picai\kaggle_kernel\rationale_run1\output\rationales/11299_1001322.json
Output file downloaded to E:\Cancer_IITH\picai\kaggle_kernel\rationale_run1\output\rationales/11300_1001323.json
Output file downloaded to E:\Cancer_IITH\picai\kaggle_kernel\rationale_run1\output\rationales/11305_1001328.json
Output file downloaded to E:\Cancer_IITH\picai\kaggle_kernel\rationale_run1\output\rationales/11306_1001329.json
Output file downloaded to E:\Cancer_IITH\picai\kaggle_kernel\rationale_run1\output\rationales/11325_1001348.json
Output file downloaded to E:\Cancer_IITH\picai\kaggle_kernel\rationale_run1\output\rationales/11330_1001353.json
Output file downloaded to E:\Cancer_IITH\picai\kaggle_kernel\rationale_run1\output\rationales/11338_1001361.json
Output file downloaded to E:\Cancer_IITH\picai\kaggle_kernel\rationale_run1\output\rationales/11345_1001368.json
Output file downloaded to E:\Cancer_IITH\picai\kaggle_kernel\rationale_run1\output\rationales/11357_1001380.json
Output file downloaded to E:\Cancer_IITH\picai\kaggle_kernel\rationale_run1\output\rationales/11361_1001384.json
Output file downloaded to E:\Cancer_IITH\picai\kaggle_kernel\rationale_run1\output\rationales/11373_1001396.json
Output file downloaded to E:\Cancer_IITH\picai\kaggle_kernel\rationale_run1\output\rationales/11375_1001398.json
Output file downloaded to E:\Cancer_IITH\picai\kaggle_kernel\rationale_run1\output\rationales/11377_1001400.json
Output file downloaded to E:\Cancer_IITH\picai\kaggle_kernel\rationale_run1\output\rationales/11382_1001405.json
Output file downloaded to E:\Cancer_IITH\picai\kaggle_kernel\rationale_run1\output\rationales/11384_1001408.json
Output file downloaded to E:\Cancer_IITH\picai\kaggle_kernel\rationale_run1\output\rationales/11385_1001409.json
Output file downloaded to E:\Cancer_IITH\picai\kaggle_kernel\rationale_run1\output\rationales/11397_1001421.json
Output file downloaded to E:\Cancer_IITH\picai\kaggle_kernel\rationale_run1\output\rationales/11423_1001447.json
Output file downloaded to E:\Cancer_IITH\picai\kaggle_kernel\rationale_run1\output\rationales/11428_1001452.json
Output file downloaded to E:\Cancer_IITH\picai\kaggle_kernel\rationale_run1\output\rationales/11441_1001465.json
Output file downloaded to E:\Cancer_IITH\picai\kaggle_kernel\rationale_run1\output\rationales/11444_1001468.json
Output file downloaded to E:\Cancer_IITH\picai\kaggle_kernel\rationale_run1\output\rationales/11446_1001470.json
Output file downloaded to E:\Cancer_IITH\picai\kaggle_kernel\rationale_run1\output\rationales/11447_1001471.json
Output file downloaded to E:\Cancer_IITH\picai\kaggle_kernel\rationale_run1\output\rationales/11448_1001472.json
Output file downloaded to E:\Cancer_IITH\picai\kaggle_kernel\rationale_run1\output\rationales/11450_1001474.json
Output file downloaded to E:\Cancer_IITH\picai\kaggle_kernel\rationale_run1\output\rationales/11462_1001486.json
Output file downloaded to E:\Cancer_IITH\picai\kaggle_kernel\rationale_run1\output\rationales/11471_1001495.json
Output file downloaded to E:\Cancer_IITH\picai\kaggle_kernel\rationale_run1\output\rationales/11475_1001499.json
Kernel log downloaded to E:\Cancer_IITH\picai\kaggle_kernel\rationale_run1\output\picai-direction-a-rationale-synthesis-run-1.log
[2026-09-11 10:53:38] Wrote DONE.txt
