[{"stream_name":"stdout","time":7.3977158,"data":"Dataset root: /kaggle/input/datasets/akulabalakrishna143/picai-strict-201pos-220neg\n"}
,{"stream_name":"stdout","time":7.403610165,"data":"Loaded 421 cases from selected_cases.csv (201 positive, 220 negative)\n"}
,{"stream_name":"stdout","time":8.256787969,"data":"  [1/421] 10032_1000032  OK  predicted_pirads=2  lesion_present=True\n"}
,{"stream_name":"stdout","time":8.852005832,"data":"  [2/421] 10040_1000040  OK  predicted_pirads=2  lesion_present=True\n"}
,{"stream_name":"stdout","time":9.371361896,"data":"  [3/421] 10059_1000059  OK  predicted_pirads=5  lesion_present=True\n"}
,{"stream_name":"stdout","time":12.924517888,"data":"  [4/421] 10085_1000085  OK  predicted_pirads=2  lesion_present=True\n"}
,{"stream_name":"stdout","time":15.927822335,"data":"  [5/421] 10257_1000261  OK  predicted_pirads=5  lesion_present=True\n"}
,{"stream_name":"stdout","time":16.507196647,"data":"  [6/421] 10338_1000344  OK  predicted_pirads=5  lesion_present=True\n"}
,{"stream_name":"stdout","time":16.865181727,"data":"  [7/421] 10368_1000374  OK  predicted_pirads=3  lesion_present=True\n"}
,{"stream_name":"stdout","time":20.285155006,"data":"  [8/421] 10392_1000398  OK  predicted_pirads=5  lesion_present=True\n"}
,{"stream_name":"stdout","time":20.768589008,"data":"  [9/421] 10418_1000426  OK  predicted_pirads=3  lesion_present=True\n"}
,{"stream_name":"stdout","time":21.217668141,"data":"  [10/421] 10463_1000471  OK  predicted_pirads=3  lesion_present=True\n"}
,{"stream_name":"stdout","time":24.359202317,"data":"  [11/421] 10522_1000532  OK  predicted_pirads=5  lesion_present=True\n"}
,{"stream_name":"stdout","time":27.307908117,"data":"  [12/421] 10526_1000536  OK  predicted_pirads=3  lesion_present=True\n"}
,{"stream_name":"stdout","time":27.754186757,"data":"  [13/421] 10529_1000539  OK  predicted_pirads=2  lesion_present=True\n"}
,{"stream_name":"stdout","time":30.873075054,"data":"  [14/421] 10540_1000551  OK  predicted_pirads=3  lesion_present=True\n"}
,{"stream_name":"stdout","time":31.337682854,"data":"  [15/421] 10568_1000580  OK  predicted_pirads=2  lesion_present=True\n"}
,{"stream_name":"stdout","time":31.680945618,"data":"  [16/421] 10699_1000715  OK  predicted_pirads=2  lesion_present=True\n"}
,{"stream_name":"stdout","time":32.135325294,"data":"  [17/421] 10726_1000742  OK  predicted_pirads=2  lesion_present=True\n"}
,{"stream_name":"stdout","time":32.653073391,"data":"  [18/421] 10730_1000746  OK  predicted_pirads=2  lesion_present=True\n"}
,{"stream_name":"stdout","time":35.612423386,"data":"  [19/421] 10743_1000759  OK  predicted_pirads=5  lesion_present=True\n"}
,{"stream_name":"stdout","time":38.654406361,"data":"  [20/421] 10807_1000823  OK  predicted_pirads=5  lesion_present=True\n"}
,{"stream_name":"stdout","time":39.011949619,"data":"  [21/421] 10834_1000850  OK  predicted_pirads=3  lesion_present=True\n"}
,{"stream_name":"stdout","time":39.435959804,"data":"  [22/421] 10836_1000852  OK  predicted_pirads=5  lesion_present=True\n"}
,{"stream_name":"stdout","time":39.8987069,"data":"  [23/421] 10839_1000855  OK  predicted_pirads=2  lesion_present=True\n"}
,{"stream_name":"stdout","time":40.364224794,"data":"  [24/421] 10868_1000884  OK  predicted_pirads=5  lesion_present=True\n"}
,{"stream_name":"stdout","time":40.842878858,"data":"  [25/421] 10872_1000888  OK  predicted_pirads=2  lesion_present=True\n"}
,{"stream_name":"stdout","time":44.008684638,"data":"  [26/421] 10921_1000938  OK  predicted_pirads=2  lesion_present=True\n"}
,{"stream_name":"stdout","time":44.348910528,"data":"  [27/421] 10942_1000961  OK  predicted_pirads=2  lesion_present=True\n"}
,{"stream_name":"stdout","time":44.930643651,"data":"  [28/421] 10961_1000980  OK  predicted_pirads=2  lesion_present=True\n"}
,{"stream_name":"stdout","time":45.508224727,"data":"  [29/421] 10964_1000983  OK  predicted_pirads=3  lesion_present=True\n"}
,{"stream_name":"stdout","time":46.10156817,"data":"  [30/421] 10985_1001004  OK  predicted_pirads=2  lesion_present=True\n"}
,{"stream_name":"stdout","time":46.581118029,"data":"  [31/421] 11002_1001021  OK  predicted_pirads=2  lesion_present=True\n"}
,{"stream_name":"stdout","time":47.26270672,"data":"  [32/421] 11032_1001052  OK  predicted_pirads=3  lesion_present=True\n"}
,{"stream_name":"stdout","time":47.696117007,"data":"  [33/421] 11086_1001108  OK  predicted_pirads=2  lesion_present=True\n"}
,{"stream_name":"stdout","time":48.312480267,"data":"  [34/421] 11137_1001160  OK  predicted_pirads=5  lesion_present=True\n"}
,{"stream_name":"stdout","time":48.719293121,"data":"  [35/421] 11149_1001172  OK  predicted_pirads=5  lesion_present=True\n"}
,{"stream_name":"stdout","time":49.120453591,"data":"  [36/421] 11165_1001188  OK  predicted_pirads=2  lesion_present=True\n"}
,{"stream_name":"stdout","time":52.267272132,"data":"  [37/421] 11177_1001200  OK  predicted_pirads=5  lesion_present=True\n"}
,{"stream_name":"stdout","time":55.275126511,"data":"  [38/421] 11188_1001211  OK  predicted_pirads=3  lesion_present=True\n"}
,{"stream_name":"stdout","time":55.766236258,"data":"  [39/421] 11198_1001221  OK  predicted_pirads=2  lesion_present=True\n"}
,{"stream_name":"stdout","time":56.199915523,"data":"  [40/421] 11231_1001254  OK  predicted_pirads=4  lesion_present=True\n"}
,{"stream_name":"stdout","time":59.306585414,"data":"  [41/421] 11260_1001283  OK  predicted_pirads=3  lesion_present=True\n"}
,{"stream_name":"stdout","time":59.777313565,"data":"  [42/421] 11330_1001353  OK  predicted_pirads=2  lesion_present=True\n"}
,{"stream_name":"stdout","time":60.36548127,"data":"  [43/421] 11377_1001400  OK  predicted_pirads=2  lesion_present=True\n"}
,{"stream_name":"stdout","time":60.847909402,"data":"  [44/421] 11471_1001495  OK  predicted_pirads=3  lesion_present=True\n"}
,{"stream_name":"stdout","time":61.333125183,"data":"  [45/421] 10019_1000019  OK  predicted_pirads=2  lesion_present=True\n"}
,{"stream_name":"stdout","time":61.795462588,"data":"  [46/421] 10043_1000043  OK  predicted_pirads=2  lesion_present=True\n"}
,{"stream_name":"stdout","time":62.221134367,"data":"  [47/421] 10048_1000048  OK  predicted_pirads=2  lesion_present=True\n"}
,{"stream_name":"stdout","time":62.776460753,"data":"  [48/421] 10097_1000097  OK  predicted_pirads=2  lesion_present=True\n"}
,{"stream_name":"stdout","time":63.230224052,"data":"  [49/421] 10107_1000107  OK  predicted_pirads=4  lesion_present=True\n"}
,{"stream_name":"stdout","time":63.801202711,"data":"  [50/421] 10117_1000117  OK  predicted_pirads=2  lesion_present=True\n"}
,{"stream_name":"stdout","time":64.23218835,"data":"  [51/421] 10211_1000215  OK  predicted_pirads=3  lesion_present=True\n"}
,{"stream_name":"stdout","time":64.710789399,"data":"  [52/421] 10268_1000272  OK  predicted_pirads=2  lesion_present=True\n"}
,{"stream_name":"stdout","time":67.794510328,"data":"  [53/421] 10274_1000279  OK  predicted_pirads=3  lesion_present=True\n"}
,{"stream_name":"stdout","time":69.767986939,"data":"  [54/421] 10329_1000335  OK  predicted_pirads=3  lesion_present=True\n"}
,{"stream_name":"stdout","time":72.767393582,"data":"  [55/421] 10342_1000348  OK  predicted_pirads=3  lesion_present=True\n"}
,{"stream_name":"stdout","time":73.207305113,"data":"  [56/421] 10350_1000356  OK  predicted_pirads=3  lesion_present=True\n"}
,{"stream_name":"stdout","time":73.649615019,"data":"  [57/421] 10405_1000412  OK  predicted_pirads=2  lesion_present=True\n"}
,{"stream_name":"stdout","time":76.605137609,"data":"  [58/421] 10424_1000432  OK  predicted_pirads=3  lesion_present=True\n"}
,{"stream_name":"stdout","time":77.405454911,"data":"  [59/421] 10473_1000481  OK  predicted_pirads=5  lesion_present=True\n"}
,{"stream_name":"stdout","time":77.93770652,"data":"  [60/421] 10503_1000512  OK  predicted_pirads=3  lesion_present=True\n"}
,{"stream_name":"stdout","time":78.416772863,"data":"  [61/421] 10607_1000621  OK  predicted_pirads=2  lesion_present=True\n"}
,{"stream_name":"stdout","time":78.912940887,"data":"  [62/421] 10620_1000634  OK  predicted_pirads=3  lesion_present=True\n"}
,{"stream_name":"stdout","time":79.352133555,"data":"  [63/421] 10700_1000716  OK  predicted_pirads=2  lesion_present=True\n"}
,{"stream_name":"stdout","time":79.777946164,"data":"  [64/421] 10707_1000723  OK  predicted_pirads=2  lesion_present=True\n"}
,{"stream_name":"stdout","time":80.401599157,"data":"  [65/421] 10825_1000841  OK  predicted_pirads=5  lesion_present=True\n"}
,{"stream_name":"stdout","time":80.925666019,"data":"  [66/421] 10833_1000849  OK  predicted_pirads=2  lesion_present=True\n"}
,{"stream_name":"stdout","time":84.053864326,"data":"  [67/421] 10867_1000883  OK  predicted_pirads=2  lesion_present=True\n"}
,{"stream_name":"stdout","time":84.482604312,"data":"  [68/421] 10880_1000896  OK  predicted_pirads=3  lesion_present=True\n"}
,{"stream_name":"stdout","time":87.698993467,"data":"  [69/421] 10888_1000904  OK  predicted_pirads=2  lesion_present=True\n"}
,{"stream_name":"stdout","time":90.951038538,"data":"  [70/421] 10925_1000942  OK  predicted_pirads=2  lesion_present=True\n"}
,{"stream_name":"stdout","time":93.972189406,"data":"  [71/421] 10938_1000957  OK  predicted_pirads=2  lesion_present=True\n"}
,{"stream_name":"stdout","time":94.46920618,"data":"  [72/421] 11080_1001102  OK  predicted_pirads=4  lesion_present=True\n"}
,{"stream_name":"stdout","time":97.488327057,"data":"  [73/421] 11100_1001123  OK  predicted_pirads=5  lesion_present=True\n"}
,{"stream_name":"stdout","time":99.526941824,"data":"  [74/421] 11114_1001137  OK  predicted_pirads=3  lesion_present=True\n"}
,{"stream_name":"stdout","time":100.094197789,"data":"  [75/421] 11130_1001153  OK  predicted_pirads=2  lesion_present=True\n"}
,{"stream_name":"stdout","time":100.485026232,"data":"  [76/421] 11186_1001209  OK  predicted_pirads=3  lesion_present=True\n"}
,{"stream_name":"stdout","time":103.471517898,"data":"  [77/421] 11208_1001231  OK  predicted_pirads=5  lesion_present=True\n"}
,{"stream_name":"stdout","time":103.803376132,"data":"  [78/421] 11247_1001270  OK  predicted_pirads=2  lesion_present=True\n"}
,{"stream_name":"stdout","time":104.288286785,"data":"  [79/421] 11253_1001276  OK  predicted_pirads=2  lesion_present=True\n"}
,{"stream_name":"stdout","time":106.408246835,"data":"  [80/421] 11284_1001307  OK  predicted_pirads=3  lesion_present=True\n"}
,{"stream_name":"stdout","time":106.912373512,"data":"  [81/421] 11338_1001361  OK  predicted_pirads=2  lesion_present=True\n"}
,{"stream_name":"stdout","time":107.445355433,"data":"  [82/421] 11384_1001408  OK  predicted_pirads=3  lesion_present=True\n"}
,{"stream_name":"stdout","time":110.510873823,"data":"  [83/421] 11385_1001409  OK  predicted_pirads=3  lesion_present=True\n"}
,{"stream_name":"stdout","time":110.982402024,"data":"  [84/421] 11423_1001447  OK  predicted_pirads=3  lesion_present=True\n"}
,{"stream_name":"stdout","time":114.030771107,"data":"  [85/421] 10074_1000074  OK  predicted_pirads=2  lesion_present=True\n"}
,{"stream_name":"stdout","time":114.612030543,"data":"  [86/421] 10079_1000079  OK  predicted_pirads=5  lesion_present=True\n"}
,{"stream_name":"stdout","time":117.567626269,"data":"  [87/421] 10103_1000103  OK  predicted_pirads=3  lesion_present=True\n"}
,{"stream_name":"stdout","time":118.010642567,"data":"  [88/421] 10118_1000118  OK  predicted_pirads=2  lesion_present=True\n"}
,{"stream_name":"stdout","time":118.473213864,"data":"  [89/421] 10157_1000160  OK  predicted_pirads=3  lesion_present=True\n"}
,{"stream_name":"stdout","time":120.348851258,"data":"  [90/421] 10233_1000237  OK  predicted_pirads=3  lesion_present=True\n"}
,{"stream_name":"stdout","time":120.820226299,"data":"  [91/421] 10234_1000238  OK  predicted_pirads=2  lesion_present=True\n"}
,{"stream_name":"stdout","time":121.348996976,"data":"  [92/421] 10241_1000245  OK  predicted_pirads=2  lesion_present=True\n"}
,{"stream_name":"stdout","time":121.709112232,"data":"  [93/421] 10523_1000533  OK  predicted_pirads=3  lesion_present=True\n"}
,{"stream_name":"stdout","time":122.038571598,"data":"  [94/421] 10539_1000549  OK  predicted_pirads=5  lesion_present=True\n"}
,{"stream_name":"stdout","time":122.370254274,"data":"  [95/421] 10570_1000582  OK  predicted_pirads=2  lesion_present=True\n"}
,{"stream_name":"stdout","time":122.701005729,"data":"  [96/421] 10604_1000618  OK  predicted_pirads=2  lesion_present=True\n"}
,{"stream_name":"stdout","time":123.232326308,"data":"  [97/421] 10688_1000704  OK  predicted_pirads=2  lesion_present=True\n"}
,{"stream_name":"stdout","time":123.80155656,"data":"  [98/421] 10777_1000793  OK  predicted_pirads=2  lesion_present=True\n"}
,{"stream_name":"stdout","time":124.258047331,"data":"  [99/421] 10804_1000820  OK  predicted_pirads=2  lesion_present=True\n"}
,{"stream_name":"stdout","time":126.795622349,"data":"  [100/421] 10842_1000858  OK  predicted_pirads=3  lesion_present=True\n"}
,{"stream_name":"stdout","time":129.734456803,"data":"  [101/421] 10910_1000927  OK  predicted_pirads=2  lesion_present=True\n"}
,{"stream_name":"stdout","time":132.777692254,"data":"  [102/421] 10970_1000989  OK  predicted_pirads=5  lesion_present=True\n"}
,{"stream_name":"stdout","time":136.16030117,"data":"  [103/421] 11039_1001059  OK  predicted_pirads=2  lesion_present=True\n"}
,{"stream_name":"stdout","time":138.107261827,"data":"  [104/421] 11041_1001061  OK  predicted_pirads=3  lesion_present=True\n"}
,{"stream_name":"stdout","time":138.533392484,"data":"  [105/421] 11074_1001096  OK  predicted_pirads=3  lesion_present=True\n"}
,{"stream_name":"stdout","time":138.972212294,"data":"  [106/421] 11122_1001145  OK  predicted_pirads=2  lesion_present=True\n"}
,{"stream_name":"stdout","time":142.025464898,"data":"  [107/421] 11152_1001175  OK  predicted_pirads=2  lesion_present=True\n"}
,{"stream_name":"stdout","time":144.142554767,"data":"  [108/421] 11168_1001191  OK  predicted_pirads=3  lesion_present=True\n"}
,{"stream_name":"stdout","time":144.64050645,"data":"  [109/421] 11181_1001204  OK  predicted_pirads=5  lesion_present=True\n"}
,{"stream_name":"stdout","time":145.94389618,"data":"  [110/421] 11194_1001217  OK  predicted_pirads=3  lesion_present=True\n"}
,{"stream_name":"stdout","time":148.982744383,"data":"  [111/421] 11236_1001259  OK  predicted_pirads=2  lesion_present=True\n"}
,{"stream_name":"stdout","time":149.473621853,"data":"  [112/421] 11269_1001292  OK  predicted_pirads=2  lesion_present=True\n"}
,{"stream_name":"stdout","time":151.712827332,"data":"  [113/421] 11305_1001328  OK  predicted_pirads=2  lesion_present=True\n"}
,{"stream_name":"stdout","time":154.776693041,"data":"  [114/421] 11306_1001329  OK  predicted_pirads=3  lesion_present=True\n"}
,{"stream_name":"stdout","time":155.303998118,"data":"  [115/421] 11325_1001348  OK  predicted_pirads=3  lesion_present=True\n"}
,{"stream_name":"stdout","time":155.718567443,"data":"  [116/421] 11373_1001396  OK  predicted_pirads=3  lesion_present=True\n"}
,{"stream_name":"stdout","time":156.30870463,"data":"  [117/421] 11382_1001405  OK  predicted_pirads=3  lesion_present=True\n"}
,{"stream_name":"stdout","time":156.63754572,"data":"  [118/421] 11441_1001465  OK  predicted_pirads=3  lesion_present=True\n"}
,{"stream_name":"stdout","time":158.316607551,"data":"  [119/421] 11447_1001471  OK  predicted_pirads=2  lesion_present=True\n"}
,{"stream_name":"stdout","time":161.393021758,"data":"  [120/421] 10134_1000136  OK  predicted_pirads=2  lesion_present=True\n"}
,{"stream_name":"stdout","time":164.524961184,"data":"  [121/421] 10164_1000167  OK  predicted_pirads=4  lesion_present=True\n"}
,{"stream_name":"stdout","time":166.446996306,"data":"  [122/421] 10220_1000224  OK  predicted_pirads=2  lesion_present=True\n"}
,{"stream_name":"stdout","time":166.977987281,"data":"  [123/421] 10339_1000345  OK  predicted_pirads=5  lesion_present=True\n"}
,{"stream_name":"stdout","time":170.035122277,"data":"  [124/421] 10372_1000378  OK  predicted_pirads=5  lesion_present=True\n"}
,{"stream_name":"stdout","time":170.448083423,"data":"  [125/421] 10380_1000386  OK  predicted_pirads=2  lesion_present=True\n"}
,{"stream_name":"stdout","time":170.907535108,"data":"  [126/421] 10398_1000404  OK  predicted_pirads=3  lesion_present=True\n"}
,{"stream_name":"stdout","time":173.832636456,"data":"  [127/421] 10442_1000450  OK  predicted_pirads=2  lesion_present=True\n"}
,{"stream_name":"stdout","time":174.277668773,"data":"  [128/421] 10484_1000492  OK  predicted_pirads=2  lesion_present=True\n"}
,{"stream_name":"stdout","time":177.33356546,"data":"  [129/421] 10490_1000499  OK  predicted_pirads=5  lesion_present=True\n"}
,{"stream_name":"stdout","time":181.018654632,"data":"  [130/421] 10548_1000560  OK  predicted_pirads=2  lesion_present=True\n"}
,{"stream_name":"stdout","time":181.496586143,"data":"  [131/421] 10558_1000570  OK  predicted_pirads=3  lesion_present=True\n"}
,{"stream_name":"stdout","time":183.456036358,"data":"  [132/421] 10634_1000650  OK  predicted_pirads=3  lesion_present=True\n"}
,{"stream_name":"stdout","time":183.933881861,"data":"  [133/421] 10635_1000651  OK  predicted_pirads=2  lesion_present=True\n"}
,{"stream_name":"stdout","time":184.524664796,"data":"  [134/421] 10665_1000681  OK  predicted_pirads=2  lesion_present=True\n"}
,{"stream_name":"stdout","time":185.009376789,"data":"  [135/421] 10721_1000737  OK  predicted_pirads=2  lesion_present=True\n"}
,{"stream_name":"stdout","time":188.203776121,"data":"  [136/421] 10728_1000744  OK  predicted_pirads=3  lesion_present=True\n"}
,{"stream_name":"stdout","time":188.786519479,"data":"  [137/421] 10920_1000937  OK  predicted_pirads=3  lesion_present=True\n"}
,{"stream_name":"stdout","time":191.797567392,"data":"  [138/421] 10932_1000949  OK  predicted_pirads=3  lesion_present=True\n"}
,{"stream_name":"stdout","time":192.260185815,"data":"  [139/421] 10953_1000972  OK  predicted_pirads=2  lesion_present=True\n"}
,{"stream_name":"stdout","time":192.665234981,"data":"  [140/421] 10968_1000987  OK  predicted_pirads=3  lesion_present=True\n"}
,{"stream_name":"stdout","time":193.211466034,"data":"  [141/421] 11068_1001090  OK  predicted_pirads=2  lesion_present=True\n"}
,{"stream_name":"stdout","time":193.70548235,"data":"  [142/421] 11076_1001098  OK  predicted_pirads=2  lesion_present=True\n"}
,{"stream_name":"stdout","time":194.375148024,"data":"  [143/421] 11102_1001125  OK  predicted_pirads=3  lesion_present=True\n"}
,{"stream_name":"stdout","time":196.663186611,"data":"  [144/421] 11154_1001177  OK  predicted_pirads=2  lesion_present=True\n"}
,{"stream_name":"stdout","time":197.115581159,"data":"  [145/421] 11162_1001185  OK  predicted_pirads=2  lesion_present=True\n"}
,{"stream_name":"stdout","time":197.537894618,"data":"  [146/421] 11163_1001186  OK  predicted_pirads=3  lesion_present=True\n"}
,{"stream_name":"stdout","time":197.97979365,"data":"  [147/421] 11190_1001213  OK  predicted_pirads=2  lesion_present=True\n"}
,{"stream_name":"stdout","time":198.421754035,"data":"  [148/421] 11256_1001279  OK  predicted_pirads=2  lesion_present=True\n"}
,{"stream_name":"stdout","time":198.845832711,"data":"  [149/421] 11257_1001280  OK  predicted_pirads=4  lesion_present=True\n"}
,{"stream_name":"stdout","time":200.464707956,"data":"  [150/421] 11299_1001322  OK  predicted_pirads=2  lesion_present=True\n"}
,{"stream_name":"stdout","time":202.150277534,"data":"  [151/421] 11357_1001380  OK  predicted_pirads=5  lesion_present=True\n"}
,{"stream_name":"stdout","time":202.812475167,"data":"  [152/421] 11361_1001384  OK  predicted_pirads=2  lesion_present=True\n"}
,{"stream_name":"stdout","time":203.38524345,"data":"  [153/421] 11397_1001421  OK  predicted_pirads=2  lesion_present=True\n"}
,{"stream_name":"stdout","time":203.829551742,"data":"  [154/421] 11428_1001452  OK  predicted_pirads=2  lesion_present=True\n"}
,{"stream_name":"stdout","time":204.242680332,"data":"  [155/421] 11444_1001468  OK  predicted_pirads=3  lesion_present=True\n"}
,{"stream_name":"stdout","time":207.374802622,"data":"  [156/421] 11446_1001470  OK  predicted_pirads=2  lesion_present=True\n"}
,{"stream_name":"stdout","time":207.902163699,"data":"  [157/421] 11448_1001472  OK  predicted_pirads=2  lesion_present=True\n"}
,{"stream_name":"stdout","time":210.97895149,"data":"  [158/421] 11450_1001474  OK  predicted_pirads=3  lesion_present=True\n"}
,{"stream_name":"stdout","time":211.968000378,"data":"  [159/421] 10005_1000005  OK  predicted_pirads=3  lesion_present=True\n"}
,{"stream_name":"stdout","time":212.992666065,"data":"  [160/421] 10012_1000012  OK  predicted_pirads=2  lesion_present=True\n"}
,{"stream_name":"stdout","time":213.451052262,"data":"  [161/421] 10021_1000021  OK  predicted_pirads=2  lesion_present=True\n"}
,{"stream_name":"stdout","time":214.130294356,"data":"  [162/421] 10121_1000121  OK  predicted_pirads=2  lesion_present=True\n"}
,{"stream_name":"stdout","time":214.65580997,"data":"  [163/421] 10216_1000220  OK  predicted_pirads=2  lesion_present=True\n"}
,{"stream_name":"stdout","time":217.62417461,"data":"  [164/421] 10252_1000256  OK  predicted_pirads=3  lesion_present=True\n"}
,{"stream_name":"stdout","time":218.054901734,"data":"  [165/421] 10262_1000266  OK  predicted_pirads=3  lesion_present=True\n"}
,{"stream_name":"stdout","time":221.136003583,"data":"  [166/421] 10289_1000295  OK  predicted_pirads=4  lesion_present=True\n"}
,{"stream_name":"stdout","time":221.743731783,"data":"  [167/421] 10304_1000310  OK  predicted_pirads=2  lesion_present=True\n"}
,{"stream_name":"stdout","time":222.2467644,"data":"  [168/421] 10322_1000328  OK  predicted_pirads=2  lesion_present=True\n"}
,{"stream_name":"stdout","time":222.729482279,"data":"  [169/421] 10340_1000346  OK  predicted_pirads=2  lesion_present=True\n"}
,{"stream_name":"stdout","time":223.284467328,"data":"  [170/421] 10383_1000389  OK  predicted_pirads=2  lesion_present=True\n"}
,{"stream_name":"stdout","time":226.381614255,"data":"  [171/421] 10390_1000396  OK  predicted_pirads=5  lesion_present=True\n"}
,{"stream_name":"stdout","time":226.921699821,"data":"  [172/421] 10434_1000442  OK  predicted_pirads=2  lesion_present=True\n"}
,{"stream_name":"stdout","time":227.349936471,"data":"  [173/421] 10451_1000459  OK  predicted_pirads=2  lesion_present=True\n"}
,{"stream_name":"stdout","time":230.545313527,"data":"  [174/421] 10486_1000494  OK  predicted_pirads=5  lesion_present=True\n"}
,{"stream_name":"stdout","time":233.668395484,"data":"  [175/421] 10589_1000603  OK  predicted_pirads=2  lesion_present=True\n"}
,{"stream_name":"stdout","time":234.210530001,"data":"  [176/421] 10637_1000653  OK  predicted_pirads=2  lesion_present=True\n"}
,{"stream_name":"stdout","time":234.624139771,"data":"  [177/421] 10641_1000657  OK  predicted_pirads=2  lesion_present=True\n"}
,{"stream_name":"stdout","time":237.667746089,"data":"  [178/421] 10668_1000684  OK  predicted_pirads=2  lesion_present=True\n"}
,{"stream_name":"stdout","time":240.596691825,"data":"  [179/421] 10670_1000686  OK  predicted_pirads=2  lesion_present=True\n"}
,{"stream_name":"stdout","time":243.681306525,"data":"  [180/421] 10798_1000814  OK  predicted_pirads=2  lesion_present=True\n"}
,{"stream_name":"stdout","time":246.747985707,"data":"  [181/421] 10808_1000824  OK  predicted_pirads=5  lesion_present=True\n"}
,{"stream_name":"stdout","time":250.049652529,"data":"  [182/421] 10885_1000901  OK  predicted_pirads=5  lesion_present=True\n"}
,{"stream_name":"stdout","time":253.022250588,"data":"  [183/421] 10901_1000917  OK  predicted_pirads=3  lesion_present=True\n"}
,{"stream_name":"stdout","time":253.530534905,"data":"  [184/421] 10911_1000928  OK  predicted_pirads=5  lesion_present=True\n"}
,{"stream_name":"stdout","time":256.282030484,"data":"  [185/421] 10915_1000932  OK  predicted_pirads=2  lesion_present=True\n"}
,{"stream_name":"stdout","time":259.136627363,"data":"  [186/421] 10948_1000967  OK  predicted_pirads=3  lesion_present=True\n"}
,{"stream_name":"stdout","time":259.580150136,"data":"  [187/421] 10957_1000976  OK  predicted_pirads=2  lesion_present=True\n"}
,{"stream_name":"stdout","time":260.589655709,"data":"  [188/421] 10975_1000994  OK  predicted_pirads=2  lesion_present=True\n"}
,{"stream_name":"stdout","time":261.158498262,"data":"  [189/421] 11049_1001069  OK  predicted_pirads=3  lesion_present=True\n"}
,{"stream_name":"stdout","time":261.596052617,"data":"  [190/421] 11063_1001085  OK  predicted_pirads=2  lesion_present=True\n"}
,{"stream_name":"stdout","time":262.071319287,"data":"  [191/421] 11155_1001178  OK  predicted_pirads=2  lesion_present=True\n"}
,{"stream_name":"stdout","time":265.09713484,"data":"  [192/421] 11174_1001197  OK  predicted_pirads=5  lesion_present=True\n"}
,{"stream_name":"stdout","time":266.62223749,"data":"  [193/421] 11185_1001208  OK  predicted_pirads=5  lesion_present=True\n"}
,{"stream_name":"stdout","time":267.046206708,"data":"  [194/421] 11225_1001248  OK  predicted_pirads=2  lesion_present=True\n"}
,{"stream_name":"stdout","time":267.515049674,"data":"  [195/421] 11278_1001301  OK  predicted_pirads=2  lesion_present=True\n"}
,{"stream_name":"stdout","time":269.752762282,"data":"  [196/421] 11280_1001303  OK  predicted_pirads=3  lesion_present=True\n"}
,{"stream_name":"stdout","time":270.24156547,"data":"  [197/421] 11300_1001323  OK  predicted_pirads=2  lesion_present=True\n"}
,{"stream_name":"stdout","time":270.79553955,"data":"  [198/421] 11345_1001368  OK  predicted_pirads=3  lesion_present=True\n"}
,{"stream_name":"stdout","time":271.19698965,"data":"  [199/421] 11375_1001398  OK  predicted_pirads=2  lesion_present=True\n"}
,{"stream_name":"stdout","time":271.634641503,"data":"  [200/421] 11462_1001486  OK  predicted_pirads=3  lesion_present=True\n"}
,{"stream_name":"stdout","time":272.046357504,"data":"  [201/421] 11475_1001499  OK  predicted_pirads=3  lesion_present=True\n"}
,{"stream_name":"stdout","time":273.237948778,"data":"  [202/421] 10000_1000000  OK  predicted_pirads=1  lesion_present=False\n"}
,{"stream_name":"stdout","time":274.166615399,"data":"  [203/421] 10001_1000001  OK  predicted_pirads=1  lesion_present=False\n"}
,{"stream_name":"stdout","time":274.616631359,"data":"  [204/421] 10002_1000002  OK  predicted_pirads=1  lesion_present=False\n"}
,{"stream_name":"stdout","time":276.915869665,"data":"  [205/421] 10009_1000009  OK  predicted_pirads=1  lesion_present=False\n"}
,{"stream_name":"stdout","time":277.791954411,"data":"  [206/421] 10004_1000004  OK  predicted_pirads=1  lesion_present=False\n"}
,{"stream_name":"stdout","time":278.204136702,"data":"  [207/421] 10003_1000003  OK  predicted_pirads=1  lesion_present=False\n"}
,{"stream_name":"stdout","time":278.799064259,"data":"  [208/421] 10011_1000011  OK  predicted_pirads=1  lesion_present=False\n"}
,{"stream_name":"stdout","time":279.861877196,"data":"  [209/421] 10007_1000007  OK  predicted_pirads=1  lesion_present=False\n"}
,{"stream_name":"stdout","time":280.40033141,"data":"  [210/421] 10006_1000006  OK  predicted_pirads=1  lesion_present=False\n"}
,{"stream_name":"stdout","time":282.818987943,"data":"  [211/421] 10015_1000015  OK  predicted_pirads=1  lesion_present=False\n"}
,{"stream_name":"stdout","time":283.582328805,"data":"  [212/421] 10010_1000010  OK  predicted_pirads=1  lesion_present=False\n"}
,{"stream_name":"stdout","time":283.989193413,"data":"  [213/421] 10030_1000030  OK  predicted_pirads=1  lesion_present=False\n"}
,{"stream_name":"stdout","time":284.301639679,"data":"  [214/421] 10018_1000018  OK  predicted_pirads=1  lesion_present=False\n"}
,{"stream_name":"stdout","time":285.17442397,"data":"  [215/421] 10014_1000014  OK  predicted_pirads=1  lesion_present=False\n"}
,{"stream_name":"stdout","time":285.559268751,"data":"  [216/421] 10034_1000034  OK  predicted_pirads=1  lesion_present=False\n"}
,{"stream_name":"stdout","time":288.279433954,"data":"  [217/421] 10022_1000022  OK  predicted_pirads=1  lesion_present=False\n"}
,{"stream_name":"stdout","time":288.789354747,"data":"  [218/421] 10016_1000016  OK  predicted_pirads=1  lesion_present=False\n"}
,{"stream_name":"stdout","time":289.291643493,"data":"  [219/421] 10042_1000042  OK  predicted_pirads=1  lesion_present=False\n"}
,{"stream_name":"stdout","time":289.803730655,"data":"  [220/421] 10027_1000027  OK  predicted_pirads=1  lesion_present=False\n"}
,{"stream_name":"stdout","time":290.202896526,"data":"  [221/421] 10017_1000017  OK  predicted_pirads=1  lesion_present=False\n"}
,{"stream_name":"stdout","time":290.624617402,"data":"  [222/421] 10045_1000045  OK  predicted_pirads=1  lesion_present=False\n"}
,{"stream_name":"stdout","time":291.150015382,"data":"  [223/421] 10035_1000035  OK  predicted_pirads=1  lesion_present=False\n"}
,{"stream_name":"stdout","time":292.201261414,"data":"  [224/421] 10020_1000020  OK  predicted_pirads=1  lesion_present=False\n"}
,{"stream_name":"stdout","time":292.70671203,"data":"  [225/421] 10047_1000047  OK  predicted_pirads=1  lesion_present=False\n"}
,{"stream_name":"stdout","time":295.526212975,"data":"  [226/421] 10041_1000041  OK  predicted_pirads=1  lesion_present=False\n"}
,{"stream_name":"stdout","time":295.887242709,"data":"  [227/421] 10023_1000023  OK  predicted_pirads=1  lesion_present=False\n"}
,{"stream_name":"stdout","time":296.405601454,"data":"  [228/421] 10051_1000051  OK  predicted_pirads=1  lesion_present=False\n"}
,{"stream_name":"stdout","time":300.085435846,"data":"  [229/421] 10058_1000058  OK  predicted_pirads=1  lesion_present=False\n"}
,{"stream_name":"stdout","time":300.609259819,"data":"  [230/421] 10024_1000024  OK  predicted_pirads=1  lesion_present=False\n"}
,{"stream_name":"stdout","time":301.289819822,"data":"  [231/421] 10056_1000056  OK  predicted_pirads=1  lesion_present=False\n"}
,{"stream_name":"stdout","time":304.772108482,"data":"  [232/421] 10065_1000065  OK  predicted_pirads=1  lesion_present=False\n"}
,{"stream_name":"stdout","time":305.298800748,"data":"  [233/421] 10025_1000025  OK  predicted_pirads=1  lesion_present=False\n"}
,{"stream_name":"stdout","time":305.926932841,"data":"  [234/421] 10062_1000062  OK  predicted_pirads=1  lesion_present=False\n"}
,{"stream_name":"stdout","time":308.712727793,"data":"  [235/421] 10067_1000067  OK  predicted_pirads=1  lesion_present=False\n"}
,{"stream_name":"stdout","time":309.500487338,"data":"  [236/421] 10026_1000026  OK  predicted_pirads=1  lesion_present=False\n"}
,{"stream_name":"stdout","time":309.91481639,"data":"  [237/421] 10066_1000066  OK  predicted_pirads=1  lesion_present=False\n"}
,{"stream_name":"stdout","time":312.581149115,"data":"  [238/421] 10068_1000068  OK  predicted_pirads=1  lesion_present=False\n"}
,{"stream_name":"stdout","time":313.164753648,"data":"  [239/421] 10028_1000028  OK  predicted_pirads=1  lesion_present=False\n"}
,{"stream_name":"stdout","time":313.712325048,"data":"  [240/421] 10071_1000071  OK  predicted_pirads=1  lesion_present=False\n"}
,{"stream_name":"stdout","time":314.356162908,"data":"  [241/421] 10080_1000080  OK  predicted_pirads=1  lesion_present=False\n"}
,{"stream_name":"stdout","time":315.337373055,"data":"  [242/421] 10031_1000031  OK  predicted_pirads=1  lesion_present=False\n"}
,{"stream_name":"stdout","time":315.891173118,"data":"  [243/421] 10083_1000083  OK  predicted_pirads=1  lesion_present=False\n"}
,{"stream_name":"stdout","time":316.405166859,"data":"  [244/421] 10093_1000093  OK  predicted_pirads=1  lesion_present=False\n"}
,{"stream_name":"stdout","time":316.766372411,"data":"  [245/421] 10033_1000033  OK  predicted_pirads=1  lesion_present=False\n"}
,{"stream_name":"stdout","time":317.151989561,"data":"  [246/421] 10084_1000084  OK  predicted_pirads=1  lesion_present=False\n"}
,{"stream_name":"stdout","time":319.543932906,"data":"  [247/421] 10095_1000095  OK  predicted_pirads=1  lesion_present=False\n"}
,{"stream_name":"stdout","time":319.902224749,"data":"  [248/421] 10037_1000037  OK  predicted_pirads=1  lesion_present=False\n"}
,{"stream_name":"stdout","time":320.341967086,"data":"  [249/421] 10090_1000090  OK  predicted_pirads=1  lesion_present=False\n"}
,{"stream_name":"stdout","time":322.674619024,"data":"  [250/421] 10102_1000102  OK  predicted_pirads=1  lesion_present=False\n"}
,{"stream_name":"stdout","time":323.107551708,"data":"  [251/421] 10038_1000038  OK  predicted_pirads=1  lesion_present=False\n"}
,{"stream_name":"stdout","time":323.492617343,"data":"  [252/421] 10091_1000091  OK  predicted_pirads=1  lesion_present=False\n"}
,{"stream_name":"stdout","time":325.673844199,"data":"  [253/421] 10105_1000105  OK  predicted_pirads=1  lesion_present=False\n"}
,{"stream_name":"stdout","time":326.458896741,"data":"  [254/421] 10039_1000039  OK  predicted_pirads=1  lesion_present=False\n"}
,{"stream_name":"stdout","time":326.80200692,"data":"  [255/421] 10092_1000092  OK  predicted_pirads=1  lesion_present=False\n"}
,{"stream_name":"stdout","time":329.025987605,"data":"  [256/421] 10111_1000111  OK  predicted_pirads=1  lesion_present=False\n"}
,{"stream_name":"stdout","time":329.423868664,"data":"  [257/421] 10046_1000046  OK  predicted_pirads=1  lesion_present=False\n"}
,{"stream_name":"stdout","time":329.847602212,"data":"  [258/421] 10109_1000109  OK  predicted_pirads=1  lesion_present=False\n"}
,{"stream_name":"stdout","time":332.334664056,"data":"  [259/421] 10114_1000114  OK  predicted_pirads=1  lesion_present=False\n"}
,{"stream_name":"stdout","time":333.384006414,"data":"  [260/421] 10049_1000049  OK  predicted_pirads=1  lesion_present=False\n"}
,{"stream_name":"stdout","time":333.847821637,"data":"  [261/421] 10120_1000120  OK  predicted_pirads=1  lesion_present=False\n"}
,{"stream_name":"stdout","time":336.090544235,"data":"  [262/421] 10133_1000135  OK  predicted_pirads=1  lesion_present=False\n"}
,{"stream_name":"stdout","time":336.475084529,"data":"  [263/421] 10052_1000052  OK  predicted_pirads=1  lesion_present=False\n"}
,{"stream_name":"stdout","time":336.933123273,"data":"  [264/421] 10126_1000126  OK  predicted_pirads=1  lesion_present=False\n"}
,{"stream_name":"stdout","time":337.339792446,"data":"  [265/421] 10138_1000140  OK  predicted_pirads=1  lesion_present=False\n"}
,{"stream_name":"stdout","time":337.790997778,"data":"  [266/421] 10054_1000054  OK  predicted_pirads=1  lesion_present=False\n"}
,{"stream_name":"stdout","time":338.188045474,"data":"  [267/421] 10127_1000127  OK  predicted_pirads=1  lesion_present=False\n"}
,{"stream_name":"stdout","time":340.297628853,"data":"  [268/421] 10139_1000141  OK  predicted_pirads=1  lesion_present=False\n"}
,{"stream_name":"stdout","time":340.676728564,"data":"  [269/421] 10055_1000055  OK  predicted_pirads=1  lesion_present=False\n"}
,{"stream_name":"stdout","time":341.03403627,"data":"  [270/421] 10131_1000132  OK  predicted_pirads=1  lesion_present=False\n"}
,{"stream_name":"stdout","time":343.179532266,"data":"  [271/421] 10142_1000144  OK  predicted_pirads=1  lesion_present=False\n"}
,{"stream_name":"stdout","time":344.057728064,"data":"  [272/421] 10057_1000057  OK  predicted_pirads=1  lesion_present=False\n"}
,{"stream_name":"stdout","time":344.467898424,"data":"  [273/421] 10131_1000133  OK  predicted_pirads=1  lesion_present=False\n"}
,{"stream_name":"stdout","time":345.738843879,"data":"  [274/421] 10147_1000149  OK  predicted_pirads=1  lesion_present=False\n"}
,{"stream_name":"stdout","time":346.106430713,"data":"  [275/421] 10060_1000060  OK  predicted_pirads=1  lesion_present=False\n"}
,{"stream_name":"stdout","time":346.547923632,"data":"  [276/421] 10136_1000138  OK  predicted_pirads=1  lesion_present=False\n"}
,{"stream_name":"stdout","time":346.949444781,"data":"  [277/421] 10161_1000164  OK  predicted_pirads=1  lesion_present=False\n"}
,{"stream_name":"stdout","time":347.331887953,"data":"  [278/421] 10061_1000061  OK  predicted_pirads=1  lesion_present=False\n"}
,{"stream_name":"stdout","time":347.805639733,"data":"  [279/421] 10137_1000139  OK  predicted_pirads=1  lesion_present=False\n"}
,{"stream_name":"stdout","time":350.1330251,"data":"  [280/421] 10173_1000176  OK  predicted_pirads=1  lesion_present=False\n"}
,{"stream_name":"stdout","time":350.574704408,"data":"  [281/421] 10063_1000063  OK  predicted_pirads=1  lesion_present=False\n"}
,{"stream_name":"stdout","time":350.958069448,"data":"  [282/421] 10141_1000143  OK  predicted_pirads=1  lesion_present=False\n"}
,{"stream_name":"stdout","time":353.286459435,"data":"  [283/421] 10174_1000177  OK  predicted_pirads=1  lesion_present=False\n"}
,{"stream_name":"stdout","time":354.038314477,"data":"  [284/421] 10064_1000064  OK  predicted_pirads=1  lesion_present=False\n"}
,{"stream_name":"stdout","time":354.431243953,"data":"  [285/421] 10144_1000146  OK  predicted_pirads=1  lesion_present=False\n"}
,{"stream_name":"stdout","time":356.71941075,"data":"  [286/421] 10184_1000187  OK  predicted_pirads=1  lesion_present=False\n"}
,{"stream_name":"stdout","time":357.363121619,"data":"  [287/421] 10069_1000069  OK  predicted_pirads=1  lesion_present=False\n"}
,{"stream_name":"stdout","time":357.980891882,"data":"  [288/421] 10152_1000154  OK  predicted_pirads=1  lesion_present=False\n"}
,{"stream_name":"stdout","time":358.800815886,"data":"  [289/421] 10187_1000190  OK  predicted_pirads=1  lesion_present=False\n"}
,{"stream_name":"stdout","time":359.533205028,"data":"  [290/421] 10070_1000070  OK  predicted_pirads=1  lesion_present=False\n"}
,{"stream_name":"stdout","time":359.948610448,"data":"  [291/421] 10153_1000156  OK  predicted_pirads=1  lesion_present=False\n"}
,{"stream_name":"stdout","time":362.528663817,"data":"  [292/421] 10194_1000198  OK  predicted_pirads=1  lesion_present=False\n"}
,{"stream_name":"stdout","time":363.027280707,"data":"  [293/421] 10072_1000072  OK  predicted_pirads=1  lesion_present=False\n"}
,{"stream_name":"stdout","time":363.414376554,"data":"  [294/421] 10153_1000155  OK  predicted_pirads=1  lesion_present=False\n"}
,{"stream_name":"stdout","time":364.932818944,"data":"  [295/421] 10201_1000205  OK  predicted_pirads=1  lesion_present=False\n"}
,{"stream_name":"stdout","time":365.91798584000003,"data":"  [296/421] 10073_1000073  OK  predicted_pirads=1  lesion_present=False\n"}
,{"stream_name":"stdout","time":366.602897965,"data":"  [297/421] 10155_1000158  OK  predicted_pirads=1  lesion_present=False\n"}
,{"stream_name":"stdout","time":369.403211221,"data":"  [298/421] 10215_1000219  OK  predicted_pirads=1  lesion_present=False\n"}
,{"stream_name":"stdout","time":369.77196493,"data":"  [299/421] 10075_1000075  OK  predicted_pirads=1  lesion_present=False\n"}
,{"stream_name":"stdout","time":370.153625814,"data":"  [300/421] 10158_1000161  OK  predicted_pirads=1  lesion_present=False\n"}
,{"stream_name":"stdout","time":372.314938352,"data":"  [301/421] 10218_1000222  OK  predicted_pirads=1  lesion_present=False\n"}
,{"stream_name":"stdout","time":372.630939461,"data":"  [302/421] 10076_1000076  OK  predicted_pirads=1  lesion_present=False\n"}
,{"stream_name":"stdout","time":373.057198048,"data":"  [303/421] 10162_1000165  OK  predicted_pirads=1  lesion_present=False\n"}
,{"stream_name":"stdout","time":373.549191379,"data":"  [304/421] 10221_1000225  OK  predicted_pirads=1  lesion_present=False\n"}
,{"stream_name":"stdout","time":373.881734798,"data":"  [305/421] 10077_1000077  OK  predicted_pirads=1  lesion_present=False\n"}
,{"stream_name":"stdout","time":374.237330732,"data":"  [306/421] 10166_1000169  OK  predicted_pirads=1  lesion_present=False\n"}
,{"stream_name":"stdout","time":376.4989909,"data":"  [307/421] 10222_1000226  OK  predicted_pirads=1  lesion_present=False\n"}
,{"stream_name":"stdout","time":376.906678001,"data":"  [308/421] 10081_1000081  OK  predicted_pirads=1  lesion_present=False\n"}
,{"stream_name":"stdout","time":377.351385775,"data":"  [309/421] 10167_1000170  OK  predicted_pirads=1  lesion_present=False\n"}
,{"stream_name":"stdout","time":379.522387779,"data":"  [310/421] 10223_1000227  OK  predicted_pirads=1  lesion_present=False\n"}
,{"stream_name":"stdout","time":380.279249222,"data":"  [311/421] 10082_1000082  OK  predicted_pirads=1  lesion_present=False\n"}
,{"stream_name":"stdout","time":380.746738062,"data":"  [312/421] 10169_1000172  OK  predicted_pirads=1  lesion_present=False\n"}
,{"stream_name":"stdout","time":381.242298074,"data":"  [313/421] 10238_1000242  OK  predicted_pirads=1  lesion_present=False\n"}
,{"stream_name":"stdout","time":382.092029149,"data":"  [314/421] 10086_1000086  OK  predicted_pirads=1  lesion_present=False\n"}
,{"stream_name":"stdout","time":382.498605914,"data":"  [315/421] 10175_1000178  OK  predicted_pirads=1  lesion_present=False\n"}
,{"stream_name":"stdout","time":384.20141597,"data":"  [316/421] 10244_1000248  OK  predicted_pirads=1  lesion_present=False\n"}
,{"stream_name":"stdout","time":385.204907857,"data":"  [317/421] 10087_1000087  OK  predicted_pirads=1  lesion_present=False\n"}
,{"stream_name":"stdout","time":385.5992877,"data":"  [318/421] 10178_1000181  OK  predicted_pirads=1  lesion_present=False\n"}
,{"stream_name":"stdout","time":388.267206676,"data":"  [319/421] 10245_1000249  OK  predicted_pirads=1  lesion_present=False\n"}
,{"stream_name":"stdout","time":388.782468161,"data":"  [320/421] 10088_1000088  OK  predicted_pirads=1  lesion_present=False\n"}
,{"stream_name":"stdout","time":389.262750012,"data":"  [321/421] 10179_1000182  OK  predicted_pirads=1  lesion_present=False\n"}
,{"stream_name":"stdout","time":391.600891139,"data":"  [322/421] 10253_1000257  OK  predicted_pirads=1  lesion_present=False\n"}
,{"stream_name":"stdout","time":392.537581848,"data":"  [323/421] 10089_1000089  OK  predicted_pirads=1  lesion_present=False\n"}
,{"stream_name":"stdout","time":392.925137197,"data":"  [324/421] 10188_1000191  OK  predicted_pirads=1  lesion_present=False\n"}
,{"stream_name":"stdout","time":393.390276907,"data":"  [325/421] 10259_1000263  OK  predicted_pirads=1  lesion_present=False\n"}
,{"stream_name":"stdout","time":393.720899456,"data":"  [326/421] 10096_1000096  OK  predicted_pirads=1  lesion_present=False\n"}
,{"stream_name":"stdout","time":394.12033915,"data":"  [327/421] 10191_1000194  OK  predicted_pirads=1  lesion_present=False\n"}
,{"stream_name":"stdout","time":396.387638171,"data":"  [328/421] 10263_1000267  OK  predicted_pirads=1  lesion_present=False\n"}
,{"stream_name":"stdout","time":396.74459885,"data":"  [329/421] 10098_1000098  OK  predicted_pirads=1  lesion_present=False\n"}
,{"stream_name":"stdout","time":397.170566005,"data":"  [330/421] 10195_1000199  OK  predicted_pirads=1  lesion_present=False\n"}
,{"stream_name":"stdout","time":398.511719439,"data":"  [331/421] 10266_1000270  OK  predicted_pirads=1  lesion_present=False\n"}
,{"stream_name":"stdout","time":399.59780621,"data":"  [332/421] 10099_1000099  OK  predicted_pirads=1  lesion_present=False\n"}
,{"stream_name":"stdout","time":400.015710973,"data":"  [333/421] 10197_1000201  OK  predicted_pirads=1  lesion_present=False\n"}
,{"stream_name":"stdout","time":402.339792127,"data":"  [334/421] 10267_1000271  OK  predicted_pirads=1  lesion_present=False\n"}
,{"stream_name":"stdout","time":403.081481931,"data":"  [335/421] 10101_1000101  OK  predicted_pirads=1  lesion_present=False\n"}
,{"stream_name":"stdout","time":403.661074499,"data":"  [336/421] 10199_1000203  OK  predicted_pirads=1  lesion_present=False\n"}
,{"stream_name":"stdout","time":405.530187365,"data":"  [337/421] 10276_1000281  OK  predicted_pirads=1  lesion_present=False\n"}
,{"stream_name":"stdout","time":406.632177301,"data":"  [338/421] 10108_1000108  OK  predicted_pirads=1  lesion_present=False\n"}
,{"stream_name":"stdout","time":407.049335484,"data":"  [339/421] 10200_1000204  OK  predicted_pirads=1  lesion_present=False\n"}
,{"stream_name":"stdout","time":409.41972584,"data":"  [340/421] 10277_1000282  OK  predicted_pirads=1  lesion_present=False\n"}
,{"stream_name":"stdout","time":409.868494359,"data":"  [341/421] 10113_1000113  OK  predicted_pirads=1  lesion_present=False\n"}
,{"stream_name":"stdout","time":410.286223994,"data":"  [342/421] 10208_1000212  OK  predicted_pirads=1  lesion_present=False\n"}
,{"stream_name":"stdout","time":412.748585398,"data":"  [343/421] 10278_1000283  OK  predicted_pirads=1  lesion_present=False\n"}
,{"stream_name":"stdout","time":413.175560962,"data":"  [344/421] 10115_1000115  OK  predicted_pirads=1  lesion_present=False\n"}
,{"stream_name":"stdout","time":413.542436643,"data":"  [345/421] 10210_1000214  OK  predicted_pirads=1  lesion_present=False\n"}
,{"stream_name":"stdout","time":415.82586725,"data":"  [346/421] 10281_1000287  OK  predicted_pirads=1  lesion_present=False\n"}
,{"stream_name":"stdout","time":416.240577247,"data":"  [347/421] 10116_1000116  OK  predicted_pirads=1  lesion_present=False\n"}
,{"stream_name":"stdout","time":416.650678732,"data":"  [348/421] 10213_1000217  OK  predicted_pirads=1  lesion_present=False\n"}
,{"stream_name":"stdout","time":419.012289375,"data":"  [349/421] 10281_1000286  OK  predicted_pirads=1  lesion_present=False\n"}
,{"stream_name":"stdout","time":419.435607736,"data":"  [350/421] 10119_1000119  OK  predicted_pirads=1  lesion_present=False\n"}
,{"stream_name":"stdout","time":419.871318392,"data":"  [351/421] 10217_1000221  OK  predicted_pirads=1  lesion_present=False\n"}
,{"stream_name":"stdout","time":422.237215902,"data":"  [352/421] 10285_1000291  OK  predicted_pirads=1  lesion_present=False\n"}
,{"stream_name":"stdout","time":423.049974912,"data":"  [353/421] 10122_1000122  OK  predicted_pirads=1  lesion_present=False\n"}
,{"stream_name":"stdout","time":423.47317411,"data":"  [354/421] 10219_1000223  OK  predicted_pirads=1  lesion_present=False\n"}
,{"stream_name":"stdout","time":425.694265445,"data":"  [355/421] 10286_1000292  OK  predicted_pirads=1  lesion_present=False\n"}
,{"stream_name":"stdout","time":426.069302072,"data":"  [356/421] 10123_1000123  OK  predicted_pirads=1  lesion_present=False\n"}
,{"stream_name":"stdout","time":426.440240478,"data":"  [357/421] 10227_1000231  OK  predicted_pirads=1  lesion_present=False\n"}
,{"stream_name":"stdout","time":429.131844578,"data":"  [358/421] 10296_1000302  OK  predicted_pirads=1  lesion_present=False\n"}
,{"stream_name":"stdout","time":430.237628845,"data":"  [359/421] 10124_1000124  OK  predicted_pirads=1  lesion_present=False\n"}
,{"stream_name":"stdout","time":430.72545256,"data":"  [360/421] 10230_1000234  OK  predicted_pirads=1  lesion_present=False\n"}
,{"stream_name":"stdout","time":431.288504507,"data":"  [361/421] 10301_1000307  OK  predicted_pirads=1  lesion_present=False\n"}
,{"stream_name":"stdout","time":432.428662866,"data":"  [362/421] 10125_1000125  OK  predicted_pirads=1  lesion_present=False\n"}
,{"stream_name":"stdout","time":432.937576446,"data":"  [363/421] 10242_1000246  OK  predicted_pirads=1  lesion_present=False\n"}
,{"stream_name":"stdout","time":435.784505254,"data":"  [364/421] 10307_1000313  OK  predicted_pirads=1  lesion_present=False\n"}
,{"stream_name":"stdout","time":436.808686348,"data":"  [365/421] 10128_1000128  OK  predicted_pirads=1  lesion_present=False\n"}
,{"stream_name":"stdout","time":437.225436792,"data":"  [366/421] 10243_1000247  OK  predicted_pirads=1  lesion_present=False\n"}
,{"stream_name":"stdout","time":439.579587667,"data":"  [367/421] 10315_1000321  OK  predicted_pirads=1  lesion_present=False\n"}
,{"stream_name":"stdout","time":440.400834869,"data":"  [368/421] 10129_1000129  OK  predicted_pirads=1  lesion_present=False\n"}
,{"stream_name":"stdout","time":440.788628292,"data":"  [369/421] 10248_1000252  OK  predicted_pirads=1  lesion_present=False\n"}
,{"stream_name":"stdout","time":442.408635758,"data":"  [370/421] 10319_1000325  OK  predicted_pirads=1  lesion_present=False\n"}
,{"stream_name":"stdout","time":443.306428537,"data":"  [371/421] 10129_1000130  OK  predicted_pirads=1  lesion_present=False\n"}
,{"stream_name":"stdout","time":443.705002258,"data":"  [372/421] 10254_1000258  OK  predicted_pirads=1  lesion_present=False\n"}
,{"stream_name":"stdout","time":444.179694173,"data":"  [373/421] 10320_1000326  OK  predicted_pirads=1  lesion_present=False\n"}
,{"stream_name":"stdout","time":444.994999048,"data":"  [374/421] 10130_1000131  OK  predicted_pirads=1  lesion_present=False\n"}
,{"stream_name":"stdout","time":445.391008673,"data":"  [375/421] 10265_1000269  OK  predicted_pirads=1  lesion_present=False\n"}
,{"stream_name":"stdout","time":447.735781006,"data":"  [376/421] 10321_1000327  OK  predicted_pirads=1  lesion_present=False\n"}
,{"stream_name":"stdout","time":448.241088,"data":"  [377/421] 10143_1000145  OK  predicted_pirads=1  lesion_present=False\n"}
,{"stream_name":"stdout","time":448.674802347,"data":"  [378/421] 10270_1000274  OK  predicted_pirads=1  lesion_present=False\n"}
,{"stream_name":"stdout","time":450.178357026,"data":"  [379/421] 10328_1000334  OK  predicted_pirads=1  lesion_present=False\n"}
,{"stream_name":"stdout","time":450.548449724,"data":"  [380/421] 10145_1000147  OK  predicted_pirads=1  lesion_present=False\n"}
,{"stream_name":"stdout","time":451.001663177,"data":"  [381/421] 10275_1000280  OK  predicted_pirads=1  lesion_present=False\n"}
,{"stream_name":"stdout","time":453.298466398,"data":"  [382/421] 10330_1000336  OK  predicted_pirads=1  lesion_present=False\n"}
,{"stream_name":"stdout","time":453.768919618,"data":"  [383/421] 10146_1000148  OK  predicted_pirads=1  lesion_present=False\n"}
,{"stream_name":"stdout","time":454.157294015,"data":"  [384/421] 10295_1000301  OK  predicted_pirads=1  lesion_present=False\n"}
,{"stream_name":"stdout","time":456.506924316,"data":"  [385/421] 10331_1000337  OK  predicted_pirads=1  lesion_present=False\n"}
,{"stream_name":"stdout","time":457.422984605,"data":"  [386/421] 10149_1000151  OK  predicted_pirads=1  lesion_present=False\n"}
,{"stream_name":"stdout","time":457.819762068,"data":"  [387/421] 10299_1000305  OK  predicted_pirads=1  lesion_present=False\n"}
,{"stream_name":"stdout","time":458.323608534,"data":"  [388/421] 10336_1000342  OK  predicted_pirads=1  lesion_present=False\n"}
,{"stream_name":"stdout","time":459.084988591,"data":"  [389/421] 10150_1000152  OK  predicted_pirads=1  lesion_present=False\n"}
,{"stream_name":"stdout","time":459.571636494,"data":"  [390/421] 10302_1000308  OK  predicted_pirads=1  lesion_present=False\n"}
,{"stream_name":"stdout","time":461.89315122,"data":"  [391/421] 10344_1000350  OK  predicted_pirads=1  lesion_present=False\n"}
,{"stream_name":"stdout","time":462.664186608,"data":"  [392/421] 10151_1000153  OK  predicted_pirads=1  lesion_present=False\n"}
,{"stream_name":"stdout","time":463.005395381,"data":"  [393/421] 10305_1000311  OK  predicted_pirads=1  lesion_present=False\n"}
,{"stream_name":"stdout","time":465.474283747,"data":"  [394/421] 10349_1000355  OK  predicted_pirads=1  lesion_present=False\n"}
,{"stream_name":"stdout","time":465.846479501,"data":"  [395/421] 10154_1000157  OK  predicted_pirads=1  lesion_present=False\n"}
,{"stream_name":"stdout","time":466.237081462,"data":"  [396/421] 10308_1000314  OK  predicted_pirads=1  lesion_present=False\n"}
,{"stream_name":"stdout","time":466.602288504,"data":"  [397/421] 10353_1000359  OK  predicted_pirads=1  lesion_present=False\n"}
,{"stream_name":"stdout","time":467.436842841,"data":"  [398/421] 10156_1000159  OK  predicted_pirads=1  lesion_present=False\n"}
,{"stream_name":"stdout","time":467.925285871,"data":"  [399/421] 10313_1000319  OK  predicted_pirads=1  lesion_present=False\n"}
,{"stream_name":"stdout","time":468.340472365,"data":"  [400/421] 10362_1000368  OK  predicted_pirads=1  lesion_present=False\n"}
,{"stream_name":"stdout","time":468.749504737,"data":"  [401/421] 10159_1000162  OK  predicted_pirads=1  lesion_present=False\n"}
,{"stream_name":"stdout","time":469.151228158,"data":"  [402/421] 10317_1000323  OK  predicted_pirads=1  lesion_present=False\n"}
,{"stream_name":"stdout","time":471.756933913,"data":"  [403/421] 10363_1000369  OK  predicted_pirads=1  lesion_present=False\n"}
,{"stream_name":"stdout","time":472.196695782,"data":"  [404/421] 10160_1000163  OK  predicted_pirads=1  lesion_present=False\n"}
,{"stream_name":"stdout","time":472.576040991,"data":"  [405/421] 10341_1000347  OK  predicted_pirads=1  lesion_present=False\n"}
,{"stream_name":"stdout","time":473.94850189,"data":"  [406/421] 10370_1000376  OK  predicted_pirads=1  lesion_present=False\n"}
,{"stream_name":"stdout","time":474.737682962,"data":"  [407/421] 10163_1000166  OK  predicted_pirads=1  lesion_present=False\n"}
,{"stream_name":"stdout","time":475.250747106,"data":"  [408/421] 10356_1000362  OK  predicted_pirads=1  lesion_present=False\n"}
,{"stream_name":"stdout","time":477.647798589,"data":"  [409/421] 10387_1000393  OK  predicted_pirads=1  lesion_present=False\n"}
,{"stream_name":"stdout","time":478.039844271,"data":"  [410/421] 10165_1000168  OK  predicted_pirads=1  lesion_present=False\n"}
,{"stream_name":"stdout","time":478.422708999,"data":"  [411/421] 10373_1000379  OK  predicted_pirads=1  lesion_present=False\n"}
,{"stream_name":"stdout","time":480.627419109,"data":"  [412/421] 10389_1000395  OK  predicted_pirads=1  lesion_present=False\n"}
,{"stream_name":"stdout","time":481.536684903,"data":"  [413/421] 10172_1000175  OK  predicted_pirads=1  lesion_present=False\n"}
,{"stream_name":"stdout","time":481.96383661,"data":"  [414/421] 10374_1000380  OK  predicted_pirads=1  lesion_present=False\n"}
,{"stream_name":"stdout","time":484.019917019,"data":"  [415/421] 10417_1000424  OK  predicted_pirads=1  lesion_present=False\n"}
,{"stream_name":"stdout","time":485.21335608,"data":"  [416/421] 10176_1000179  OK  predicted_pirads=1  lesion_present=False\n"}
,{"stream_name":"stdout","time":485.827846518,"data":"  [417/421] 10381_1000387  OK  predicted_pirads=1  lesion_present=False\n"}
,{"stream_name":"stdout","time":487.848874596,"data":"  [418/421] 10417_1000425  OK  predicted_pirads=1  lesion_present=False\n"}
,{"stream_name":"stdout","time":488.651050444,"data":"  [419/421] 10177_1000180  OK  predicted_pirads=1  lesion_present=False\n"}
,{"stream_name":"stdout","time":489.055804853,"data":"  [420/421] 10385_1000391  OK  predicted_pirads=1  lesion_present=False\n"}
,{"stream_name":"stdout","time":491.050496998,"data":"  [421/421] 10425_1000433  OK  predicted_pirads=1  lesion_present=False\n"}
,{"stream_name":"stdout","time":491.050763374,"data":"\n"}
,{"stream_name":"stdout","time":491.050820472,"data":"==============================================================================\n"}
,{"stream_name":"stdout","time":491.050827473,"data":"DIRECTION A SUMMARY\n"}
,{"stream_name":"stdout","time":491.05083137,"data":"==============================================================================\n"}
,{"stream_name":"stdout","time":491.050835343,"data":"Total cases in selected_cases.csv: 421  (201 positive, 220 negative)\n"}
,{"stream_name":"stdout","time":491.0508393,"data":"Excluded as likely defects / errors:  0\n"}
,{"stream_name":"stdout","time":491.050843126,"data":"Final usable rationales written:      421  (201 positive, 220 negative)\n"}
,{"stream_name":"stdout","time":491.050847142,"data":"Rationales dir: /kaggle/working/rationales\n"}
,{"stream_name":"stdout","time":491.050881855,"data":"Exclusions log: /kaggle/working/exclusions.json\n"}
,{"stream_name":"stderr","time":493.872329572,"data":"/usr/local/lib/python3.12/dist-packages/mistune.py:435: SyntaxWarning: invalid escape sequence '\\|'\n"}
,{"stream_name":"stderr","time":493.872434976,"data":"  cells[i][c] = re.sub('\\\\\\\\\\|', '|', cell)\n"}
,{"stream_name":"stderr","time":494.250986942,"data":"/usr/local/lib/python3.12/dist-packages/nbconvert/filters/filter_links.py:36: SyntaxWarning: invalid escape sequence '\\_'\n"}
,{"stream_name":"stderr","time":494.251023072,"data":"  text = re.sub(r'_', '\\_', text) # Escape underscores in display text\n"}
,{"stream_name":"stderr","time":495.152184119,"data":"[NbConvertApp] Converting notebook __script__.ipynb to html\n"}
,{"stream_name":"stderr","time":496.876285826,"data":"[NbConvertApp] Writing 356522 bytes to __results__.html\n"}
]